   Compiling pqtc-r2-air v0.1.0 (/Users/zodomo/code/PQTornado/research/r2/air/rust)
warning: unused import: `PrimeField32`
 --> src/lib.rs:5:41
  |
5 | use p3_field::{PrimeCharacteristicRing, PrimeField32};
  |                                         ^^^^^^^^^^^^
  |
  = note: `#[warn(unused_imports)]` (part of `#[warn(unused)]`) on by default

warning: `pqtc-r2-air` (lib) generated 1 warning (run `cargo fix --lib -p pqtc-r2-air` to apply 1 suggestion)
    Finished `release` profile [optimized] target(s) in 19.52s
       19.54 real        24.66 user         0.59 sys
           535232512  maximum resident set size
                   0  average shared memory size
                   0  average unshared data size
                   0  average unshared stack size
              120623  page reclaims
                 106  page faults
                   0  swaps
                   0  block input operations
                   0  block output operations
                   0  messages sent
                   0  messages received
                   4  signals received
                 156  voluntary context switches
               18090  involuntary context switches
           845117575  instructions retired
           283597260  cycles elapsed
            31605384  peak memory footprint
