   Compiling pqtc-r2-operations v0.1.0 (/Users/zodomo/code/PQTornado/research/r2/operations/rust)
    Finished `release` profile [optimized] target(s) in 0.75s
        0.78 real         1.53 user         0.15 sys
           196853760  maximum resident set size
                   0  average shared memory size
                   0  average unshared data size
                   0  average unshared stack size
               33742  page reclaims
                1290  page faults
                   0  swaps
                   0  block input operations
                   0  block output operations
                   0  messages sent
                   0  messages received
                   3  signals received
                 335  voluntary context switches
                2524  involuntary context switches
           798976197  instructions retired
           278069633  cycles elapsed
            28705488  peak memory footprint
