Compiling 1 files with Solc 0.8.30
Solc 0.8.30 finished in 4.08s
Compiler run successful!

Ran 1 test for test/DeploymentProfile.t.sol:DeploymentProfileTest
[PASS] testDeploymentInitcodeRuntimeAndCodeDepositGas() (gas: 27845876)
Logs:
  V03_DEPLOY_CONTRACT: PQTCAirStageVerifier
  V03_DEPLOY_INITCODE_BYTES: 17853
  V03_DEPLOY_RUNTIME_BYTES: 17827
  V03_DEPLOY_CODE_DEPOSIT_GAS: 3565400
  V03_DEPLOY_OBSERVED_NEW_EXPRESSION_GAS: 3606627
  V03_DEPLOY_CONSTRUCTOR_EXECUTION_GAS_NOT_SEPARATELY_OBSERVABLE: 0
  V03_DEPLOY_CONTRACT: PQTCQueryVerifier
  V03_DEPLOY_INITCODE_BYTES: 13015
  V03_DEPLOY_RUNTIME_BYTES: 12989
  V03_DEPLOY_CODE_DEPOSIT_GAS: 2597800
  V03_DEPLOY_OBSERVED_NEW_EXPRESSION_GAS: 2637194
  V03_DEPLOY_CONSTRUCTOR_EXECUTION_GAS_NOT_SEPARATELY_OBSERVABLE: 0
  V03_DEPLOY_CONTRACT: PQTCVerificationRegistry
  V03_DEPLOY_INITCODE_BYTES: 13644
  V03_DEPLOY_RUNTIME_BYTES: 13122
  V03_DEPLOY_CODE_DEPOSIT_GAS: 2624400
  V03_DEPLOY_OBSERVED_NEW_EXPRESSION_GAS: 2665881
  V03_DEPLOY_CONSTRUCTOR_EXECUTION_GAS_NOT_SEPARATELY_OBSERVABLE: 0
  V03_DEPLOY_CONTRACT: PQTCClassicPool
  V03_DEPLOY_INITCODE_BYTES: 12867
  V03_DEPLOY_RUNTIME_BYTES: 7494
  V03_DEPLOY_CODE_DEPOSIT_GAS: 1498800
  V03_DEPLOY_OBSERVED_NEW_EXPRESSION_GAS: 18873630
  V03_DEPLOY_CONSTRUCTOR_EXECUTION_GAS_NOT_SEPARATELY_OBSERVABLE: 0

Suite result: ok. 1 passed; 0 failed; 0 skipped; finished in 22.04ms (21.62ms CPU time)

Ran 1 test suite in 22.51ms (22.04ms CPU time): 1 tests passed, 0 failed, 0 skipped (1 total tests)
