   Compiling pqtc-r2-backend v0.1.0 (/Users/zodomo/code/PQTornado/research/r2/backend/rust)
    Finished `release` profile [optimized] target(s) in 10.23s
       10.28 real        35.18 user         0.66 sys
           499580928  maximum resident set size
                   0  average shared memory size
                   0  average unshared data size
                   0  average unshared stack size
              162133  page reclaims
               11375  page faults
                   0  swaps
                   0  block input operations
                   0  block output operations
                   0  messages sent
                   0  messages received
                   5  signals received
                 979  voluntary context switches
               21603  involuntary context switches
           906043875  instructions retired
           346115280  cycles elapsed
            24740536  peak memory footprint
