Traceback (most recent call last):
  File "/Users/zodomo/code/PQTornado/research/r2/security/run.py", line 320, in <module>
    if __name__=='__main__': main()
                             ~~~~^^
  File "/Users/zodomo/code/PQTornado/research/r2/security/run.py", line 225, in main
    entries=profiles(args.shapes,calculator)
  File "/Users/zodomo/code/PQTornado/research/r2/security/run.py", line 162, in profiles
    inv = inventory(record)
  File "/Users/zodomo/code/PQTornado/research/r2/security/run.py", line 128, in inventory
    raise ValueError(f'actual committed matrices differ from hiding PCS inventory: {actual} != {expected}')
ValueError: actual committed matrices differ from hiding PCS inventory: [(0, 0, 8, 262144), (1, 0, 86, 262144), (2, 0, 8, 262144), (2, 1, 8, 262144), (2, 2, 8, 262144), (2, 3, 8, 262144), (2, 4, 8, 262144), (2, 5, 8, 262144), (2, 6, 8, 262144), (2, 7, 8, 262144)] != [('random', 0, 8, 262144), ('trace', 0, 86, 262144), ('quotient', 0, 8, 262144), ('quotient', 1, 8, 262144), ('quotient', 2, 8, 262144), ('quotient', 3, 8, 262144), ('quotient', 4, 8, 262144), ('quotient', 5, 8, 262144), ('quotient', 6, 8, 262144), ('quotient', 7, 8, 262144)]
        0.04 real         0.03 user         0.00 sys
            24281088  maximum resident set size
                   0  average shared memory size
                   0  average unshared data size
                   0  average unshared stack size
                2409  page reclaims
                  44  page faults
                   0  swaps
                   0  block input operations
                   0  block output operations
                   0  messages sent
                   0  messages received
                   0  signals received
                  22  voluntary context switches
                  25  involuntary context switches
           431394094  instructions retired
           165218235  cycles elapsed
            16794080  peak memory footprint
