No files changed, compilation skipped

Ran 13 tests for test/MerkleVerifier.t.sol:MerkleVerifierTest
[PASS] testExtensionLeafHashMatchesReference() (gas: 50827)
[PASS] testGasMerkleExtensionLeafHash() (gas: 17144)
[PASS] testGasMerkleLeafHash() (gas: 21693)
[PASS] testGasMerkleMultiproofVerify() (gas: 32381)
[PASS] testGasMerkleNodeCompression() (gas: 20975)
[PASS] testLeafHashesMatchRustVectors() (gas: 29802)
[PASS] testMultiproofComputesExpectedRoot() (gas: 46225)
[PASS] testNodeCompressionsMatchRustVectors() (gas: 22605)
[PASS] testRejectsDigestBytesAboveKeccakWidth() (gas: 20700)
[PASS] testRejectsLengthMismatch() (gas: 25022)
[PASS] testRejectsTrailingDecommitments() (gas: 34381)
[PASS] testRejectsUnsortedIndices() (gas: 30146)
[PASS] testRejectsZeroEffectiveDigestBytes() (gas: 21638)
Suite result: ok. 13 passed; 0 failed; 0 skipped; finished in 1.86ms (1.17ms CPU time)

Ran 6 tests for test/FixtureDecode_lir6_ff5_rsv1.t.sol:FixtureDecodeTest
[PASS] testDecodeQuarticWhirSuccessFixtures() (gas: 164135)
[PASS] testDecodeSpartanPlaceholderInstance() (gas: 6493)
[PASS] testDecodeSpartanPlaceholderWithRealPcsProof() (gas: 154826)
[PASS] testDecodeTamperedFailureProof() (gas: 333389)
[PASS] testDecodeTamperedOodOrTranscriptMismatchFailureProof() (gas: 334482)
[PASS] testDecodeTamperedStirQueryFailureProof() (gas: 396782)
Suite result: ok. 6 passed; 0 failed; 0 skipped; finished in 2.94ms (2.83ms CPU time)

Ran 1 test for test/GasCalibration_lir6_ff5_rsv1.t.sol:GasCalibrationTest
[PASS] testMeasurePhases() (gas: 1010958)
Suite result: ok. 1 passed; 0 failed; 0 skipped; finished in 2.94ms (2.26ms CPU time)

Ran 2 tests for test/WhirStirDetailProfile_lir6_ff5_rsv1.t.sol:WhirStirDetailProfileTest
[PASS] testProfileFinalStirSplit() (gas: 831258)
[PASS] testProfileStirFrontierBreakdown() (gas: 1605596)
Suite result: ok. 2 passed; 0 failed; 0 skipped; finished in 5.47ms (5.00ms CPU time)

Ran 3 tests for test/TranscriptParity_quintic_k22_jb100_ext5_lir4_ff4_rsv3_pow28.t.sol:TranscriptParityQuinticK22Jb100Ext5Pow28Rsv3Test
[PASS] testReplayProverTranscriptTraceQuintic() (gas: 4999632)
[PASS] testReplayTranscriptCheckpointParityQuintic() (gas: 5545000)
[PASS] testReplayVerifierTranscriptTraceQuintic() (gas: 5002073)
Suite result: ok. 3 passed; 0 failed; 0 skipped; finished in 8.92ms (8.78ms CPU time)

Ran 4 tests for test/TranscriptParity_k22_jb100_lir6_ff4_rsv1.t.sol:TranscriptParityK22Jb100Test
[PASS] testReplayProverTranscriptTrace() (gas: 8206571)
[PASS] testReplaySpartanTranscriptContextJohnsonBound() (gas: 42995)
[PASS] testReplayTranscriptCheckpointParity() (gas: 8931056)
[PASS] testReplayVerifierTranscriptTrace() (gas: 8207109)
Suite result: ok. 4 passed; 0 failed; 0 skipped; finished in 14.26ms (14.19ms CPU time)

Ran 3 tests for test/TranscriptParity_quintic_k22_jb100_ext5_lir4_ff4_rsv4.t.sol:TranscriptParityQuinticK22Jb100Ext5Test
[PASS] testReplayProverTranscriptTraceQuintic() (gas: 5112731)
[PASS] testReplayTranscriptCheckpointParityQuintic() (gas: 5672716)
[PASS] testReplayVerifierTranscriptTraceQuintic() (gas: 5115172)
Suite result: ok. 3 passed; 0 failed; 0 skipped; finished in 7.50ms (7.46ms CPU time)

Ran 12 tests for test/WhirBlobVerifier4_lir11_ff5_rsv3.t.sol:WhirBlobVerifierLir11Test
[PASS] testBlobCalldataIsSmallerThanTypedAbi() (gas: 142168)
[PASS] testGasWhirVerifyBlobFixed() (gas: 1123035)
[PASS] testRejectsBadCommitmentBlob() (gas: 322638)
[PASS] testRejectsBadOodBlob() (gas: 337058)
[PASS] testRejectsBadStirQueryBlob() (gas: 463038)
[PASS] testRejectsBlobTrailingBytes() (gas: 1906170)
[PASS] testRejectsBlobWrongHeaderFields() (gas: 7332380)
[PASS] testRejectsBlobWrongMagic() (gas: 89385)
[PASS] testRejectsBlobWrongVersion() (gas: 89035)
[PASS] testRejectsNonZeroUnusedRoundLength() (gas: 89603)
[PASS] testRejectsTruncatedBlob() (gas: 1905914)
[PASS] testVerifyQuarticWhirSuccessBlob() (gas: 1123321)
Suite result: ok. 12 passed; 0 failed; 0 skipped; finished in 20.29ms (19.38ms CPU time)

Ran 11 tests for test/WhirVerifier4_lir11_ff5_rsv3.t.sol:WhirVerifierLir11Test
[PASS] testGasWhirVerifyFixed() (gas: 955591)
[PASS] testRejectsBadCommitmentFixture() (gas: 234414)
[PASS] testRejectsBadOodFixture() (gas: 248823)
[PASS] testRejectsBadStirQueryFixture() (gas: 375298)
[PASS] testRejectsFinalConstraintMismatch() (gas: 955551)
[PASS] testRejectsMalformedFinalPolyCoefficients() (gas: 2175820)
[PASS] testRejectsMalformedInitialOodAnswers() (gas: 830617)
[PASS] testRejectsMalformedInitialSumcheckEvals() (gas: 944313)
[PASS] testRejectsTamperedFinalMerklePath() (gas: 532609)
[PASS] testRejectsTamperedInitialSumcheckData() (gas: 169849)
[PASS] testVerifyQuarticWhirSuccessFixture() (gas: 955437)
Suite result: ok. 11 passed; 0 failed; 0 skipped; finished in 16.39ms (16.05ms CPU time)

Ran 11 tests for test/WhirBlobVerifier4_lir6_ff5_rsv1.t.sol:WhirBlobVerifier4Test
[PASS] testBlobCalldataIsSmallerThanTypedAbi() (gas: 171619)
[PASS] testGasWhirVerifyBlobFixed() (gas: 1194274)
[PASS] testRejectsBadCommitmentBlob() (gas: 380363)
[PASS] testRejectsBadOodBlob() (gas: 431992)
[PASS] testRejectsBadStirQueryBlob() (gas: 530696)
[PASS] testRejectsBlobTrailingBytes() (gas: 2429532)
[PASS] testRejectsBlobWrongHeaderFields() (gas: 9364081)
[PASS] testRejectsBlobWrongMagic() (gas: 107103)
[PASS] testRejectsBlobWrongVersion() (gas: 106775)
[PASS] testRejectsTruncatedBlob() (gas: 2429276)
[PASS] testVerifyQuarticWhirSuccessBlob() (gas: 1194538)
Suite result: ok. 11 passed; 0 failed; 0 skipped; finished in 22.66ms (23.56ms CPU time)

Ran 8 tests for test/TranscriptParity_lir6_ff5_rsv1.t.sol:TranscriptParityTest
[PASS] testObserveBaseMatchesRawLittleEndianBytes() (gas: 5110)
[PASS] testObserveHashU64DigestMatchesLittleEndianWords() (gas: 4963)
[PASS] testObserveHashU8DigestMatchesRawDigestBytes() (gas: 4985)
[PASS] testReplayProverTranscriptTrace() (gas: 1500218)
[PASS] testReplaySpartanTranscriptContext() (gas: 38707)
[PASS] testReplayTranscriptCheckpointParity() (gas: 1757618)
[PASS] testReplayVerifierTranscriptTrace() (gas: 1501525)
[PASS] testReplayVerifierWhirTranscriptSemantically() (gas: 2136570)
Suite result: ok. 8 passed; 0 failed; 0 skipped; finished in 10.00ms (9.91ms CPU time)

Ran 4 tests for test/Ext8TowerOptimizations.t.sol:Ext8TowerOptimizationsTest
[PASS] testTowerBlobRowMatchesReferenceEvaluation() (gas: 230669)
[PASS] testTowerBlobRowMaxLanesMatchesReferenceDotProduct() (gas: 88165)
[PASS] testTowerEqTermMultiplyMatchesReferenceHelper() (gas: 680166)
[PASS] testTowerSelectPolyMatchesReferenceHelper() (gas: 925534)
Suite result: ok. 4 passed; 0 failed; 0 skipped; finished in 6.38ms (6.27ms CPU time)

Ran 1 test for test/GasCalibration_native_compare.t.sol:GasCalibrationNativeCompareTest
[PASS] testCompareNativePhaseBreakdown() (gas: 14578253)
Suite result: ok. 1 passed; 0 failed; 0 skipped; finished in 33.19ms (30.70ms CPU time)

Ran 18 tests for test/WhirBlobVerifierNative4_lir6_ff5_rsv1.t.sol:WhirBlobVerifierNative4Test
[PASS] testGasWhirVerifyBlobNativeFixed() (gas: 900349)
[PASS] testNativeBlobUsesLessGasThanTypedVerifier() (gas: 1808733)
[PASS] testNativeBlobUsesLessGasThanWrapper() (gas: 1996246)
[PASS] testRejectsBadCommitmentBlobNative() (gas: 137682)
[PASS] testRejectsBadOodBlobNative() (gas: 175876)
[PASS] testRejectsBadStirQueryBlobNative() (gas: 320213)
[PASS] testRejectsBlobTrailingBytesNative() (gas: 114562)
[PASS] testRejectsBlobWrongHeaderFieldsNative() (gas: 9362877)
[PASS] testRejectsBlobWrongMagicNative() (gas: 106896)
[PASS] testRejectsBlobWrongVersionNative() (gas: 106876)
[PASS] testRejectsFinalConstraintMismatchBlobNative() (gas: 903616)
[PASS] testRejectsMalformedFinalPolyCoefficientsBlobNative() (gas: 1911589)
[PASS] testRejectsMalformedInitialOodAnswersBlobNative() (gas: 251034)
[PASS] testRejectsMalformedInitialSumcheckEvalsBlobNative() (gas: 306109)
[PASS] testRejectsTamperedFinalMerklePathBlobNative() (gas: 665629)
[PASS] testRejectsTamperedInitialSumcheckDataBlobNative() (gas: 179398)
[PASS] testRejectsTruncatedBlobNative() (gas: 107845)
[PASS] testVerifyQuarticWhirSuccessBlobNative() (gas: 900327)
Suite result: ok. 18 passed; 0 failed; 0 skipped; finished in 36.43ms (35.72ms CPU time)

Ran 11 tests for test/WhirVerifier4_lir6_ff5_rsv1.t.sol:WhirVerifier4Test
[PASS] testGasWhirVerifyFixed() (gas: 992892)
[PASS] testRejectsBadCommitmentFixture() (gas: 278152)
[PASS] testRejectsBadOodFixture() (gas: 329769)
[PASS] testRejectsBadStirQueryFixture() (gas: 428971)
[PASS] testRejectsFinalConstraintMismatch() (gas: 992855)
[PASS] testRejectsMalformedFinalPolyCoefficients() (gas: 3300832)
[PASS] testRejectsMalformedInitialOodAnswers() (gas: 1001154)
[PASS] testRejectsMalformedInitialSumcheckEvals() (gas: 1115615)
[PASS] testRejectsTamperedFinalMerklePath() (gas: 700065)
[PASS] testRejectsTamperedInitialSumcheckData() (gas: 230844)
[PASS] testVerifyQuarticWhirSuccessFixture() (gas: 992738)
Suite result: ok. 11 passed; 0 failed; 0 skipped; finished in 38.61ms (20.45ms CPU time)

Ran 12 tests for test/Ext5PrecompileHarness.t.sol:Ext5PrecompileHarnessTest
[PASS] testFuzzSelectEvalLinProdMatchesSoftware(uint256) (runs: 256, μ: 77579, ~: 77579)
[PASS] testPackLinProdInputExplicitTerms() (gas: 14184)
[PASS] testPackLinProdInputImplicitAlphaBaseBeta() (gas: 13337)
[PASS] testPackLinProdInputImplicitAlphaExtBeta() (gas: 13834)
[PASS] testPackLinProdInputRejectsFlags2() (gas: 12834)
[PASS] testPackMacInputEmptyWithAccumulator() (gas: 11966)
[PASS] testPackMacInputEmptyWithoutAccumulator() (gas: 11929)
[PASS] testPackMacInputRejectsLengthMismatch() (gas: 12324)
[PASS] testPackMacInputRejectsOversizedLength() (gas: 227213)
[PASS] testPackMacInputTwoPairsWithAccumulator() (gas: 13189)
[PASS] testPackMacInputTwoPairsWithoutAccumulator() (gas: 13299)
[PASS] testSelectEvalLinProdMatchesSoftwareFixed() (gas: 156807)
Suite result: ok. 12 passed; 0 failed; 0 skipped; finished in 40.12ms (40.65ms CPU time)

Ran 15 tests for test/WhirGasProfile_lir6_ff5_rsv1.t.sol:WhirGasProfileTest
[PASS] testFlameConstraintEvaluation() (gas: 993804)
[PASS] testFlameConstraintPreparation() (gas: 214811)
[PASS] testFlameFinalStir() (gas: 834826)
[PASS] testFlameInitialSumcheck() (gas: 239108)
[PASS] testFlameParseCommitment() (gas: 179433)
[PASS] testFlameRound0Stir() (gas: 442710)
[PASS] testFlameRound1Stir() (gas: 636907)
[PASS] testFlameStandaloneFinalSumcheck() (gas: 177203)
[PASS] testProfileConstraintSplit() (gas: 1012463)
[PASS] testProfileFullBreakdown() (gas: 1022932)
[PASS] testProfileMicroBenchmarks() (gas: 4657674)
[PASS] testProfileStirBreakdown() (gas: 1079679)
[PASS] testProfileStirMicro() (gas: 906484)
[PASS] testProfileWhirHotspots() (gas: 594204)
[PASS] testProfileWhirVerify() (gas: 1084942)
Suite result: ok. 15 passed; 0 failed; 0 skipped; finished in 19.85ms (21.55ms CPU time)

Ran 1 test for test/WhirGasProfile5_k22_jb100_ext5_lir4_ff4_rsv3_pow28.t.sol:WhirGasProfile5Pow28Rsv3Test
[PASS] testProfileNativeBlobBreakdown5Pow28Rsv3() (gas: 5462207)
Suite result: ok. 1 passed; 0 failed; 0 skipped; finished in 7.36ms (7.05ms CPU time)

Ran 11 tests for test/SwarReductionQuinticKernelBenchmark.t.sol:SwarReductionQuinticKernelBenchmarkTest
[PASS] testBitfoldFoldsMatchModFolds() (gas: 279893)
[PASS] testBitfoldReducersMatchModOnKernelBounds() (gas: 41326)
[PASS] testPackedExt5MaskValidationMatchesScalar() (gas: 173943)
[PASS] testPackedMaskAddSubMatchesMod() (gas: 270214)
[PASS] testProfileAsmVsSolidityExt5Arithmetic() (gas: 673788)
[PASS] testProfileDim4RowFoldReducers() (gas: 3028709)
[PASS] testProfileDot16LazyReduction() (gas: 2988356)
[PASS] testProfilePackedAddSubBatch16() (gas: 11454884)
[PASS] testProfilePackedExt5ValidationBatch16() (gas: 2204431)
[PASS] testProfileQuinticFoldKernelReducers() (gas: 586450)
[PASS] testSolidityTwinsMatchAssemblyArithmetic() (gas: 338769)
Suite result: ok. 11 passed; 0 failed; 0 skipped; finished in 26.08ms (30.08ms CPU time)

Ran 1 test for test/QuinticMicroBenchmarks.t.sol:QuinticMicroBenchmarksTest
[PASS] testEmitQuinticMicroBenchmarks() (gas: 61171176)
Suite result: ok. 1 passed; 0 failed; 0 skipped; finished in 71.93ms (71.74ms CPU time)

Ran 6 tests for test/WhirGasProfile8_k22_jb100_lir6_ff4_rsv1.t.sol:WhirGasProfile8Test
[PASS] testProfileFinalCheckerOnly8() (gas: 5358467)
[PASS] testProfileFinalValueBlobOnly8() (gas: 6069051)
[PASS] testProfileFullBreakdown8() (gas: 8868001)
[PASS] testProfileMicroBenchmarks8() (gas: 1480445)
[PASS] testProfileNativeBlobBreakdown8() (gas: 6111285)
[PASS] testProfileStirBreakdown8() (gas: 8238510)
Suite result: ok. 6 passed; 0 failed; 0 skipped; finished in 54.90ms (56.11ms CPU time)

Ran 19 tests for test/WhirBlobVerifierNative4_lir11_ff5_rsv3.t.sol:WhirBlobVerifierNativeLir11Test
[PASS] testGasWhirVerifyBlobNativeFixed() (gas: 912401)
[PASS] testNativeBlobUsesLessGasThanTypedVerifier() (gas: 1797361)
[PASS] testNativeBlobUsesLessGasThanWrapper() (gas: 1954591)
[PASS] testRejectsBadCommitmentBlobNative() (gas: 119461)
[PASS] testRejectsBadOodBlobNative() (gas: 124402)
[PASS] testRejectsBadStirQueryBlobNative() (gas: 302435)
[PASS] testRejectsBlobTrailingBytesNative() (gas: 94359)
[PASS] testRejectsBlobWrongHeaderFieldsNative() (gas: 7330110)
[PASS] testRejectsBlobWrongMagicNative() (gas: 88906)
[PASS] testRejectsBlobWrongVersionNative() (gas: 88886)
[PASS] testRejectsFinalConstraintMismatchBlobNative() (gas: 915080)
[PASS] testRejectsMalformedFinalPolyCoefficientsBlobNative() (gas: 1167236)
[PASS] testRejectsMalformedInitialOodAnswersBlobNative() (gas: 216377)
[PASS] testRejectsMalformedInitialSumcheckEvalsBlobNative() (gas: 272744)
[PASS] testRejectsNonZeroUnusedRoundLengthNative() (gas: 88707)
[PASS] testRejectsTamperedFinalMerklePathBlobNative() (gas: 574023)
[PASS] testRejectsTamperedInitialSumcheckDataBlobNative() (gas: 127162)
[PASS] testRejectsTruncatedBlobNative() (gas: 89506)
[PASS] testVerifyQuarticWhirSuccessBlobNative() (gas: 912379)
Suite result: ok. 19 passed; 0 failed; 0 skipped; finished in 81.69ms (30.19ms CPU time)

Ran 12 tests for test/Ext8PrecompileHarness.t.sol:Ext8PrecompileHarnessTest
[PASS] testDotProductMatchesFoldFixedVector() (gas: 229525)
[PASS] testFuzz_DotProductMatchesFold(uint256) (runs: 256, μ: 233542, ~: 233542)
[PASS] testPackLinProdInputExplicitTerms() (gas: 14608)
[PASS] testPackLinProdInputImplicitAlphaBaseBeta() (gas: 13773)
[PASS] testPackLinProdInputImplicitAlphaExtBeta() (gas: 14224)
[PASS] testPackLinProdInputRejectsFlags2() (gas: 13235)
[PASS] testPackMacInputEmptyWithAccumulator() (gas: 12598)
[PASS] testPackMacInputEmptyWithoutAccumulator() (gas: 12573)
[PASS] testPackMacInputRejectsLengthMismatch() (gas: 13012)
[PASS] testPackMacInputRejectsOversizedLength() (gas: 227856)
[PASS] testPackMacInputTwoPairsWithAccumulator() (gas: 13831)
[PASS] testPackMacInputTwoPairsWithoutAccumulator() (gas: 13975)
Suite result: ok. 12 passed; 0 failed; 0 skipped; finished in 82.42ms (82.54ms CPU time)

Ran 11 tests for test/WhirVerifier8_k22_jb100_lir6_ff4_rsv1.t.sol:WhirVerifier8K22Jb100Test
[PASS] testGasWhirVerifyFixed() (gas: 8844214)
[PASS] testRejectsBadCommitmentFixture() (gas: 1152021)
[PASS] testRejectsBadOodFixture() (gas: 1234581)
[PASS] testRejectsBadStirQueryFixture() (gas: 2238583)
[PASS] testRejectsFinalConstraintMismatch() (gas: 8844180)
[PASS] testRejectsMalformedFinalPolyCoefficients() (gas: 38244797)
[PASS] testRejectsMalformedInitialOodAnswers() (gas: 10128611)
[PASS] testRejectsMalformedInitialSumcheckEvals() (gas: 10193395)
[PASS] testRejectsTamperedFinalMerklePath() (gas: 4893438)
[PASS] testRejectsTamperedInitialSumcheckData() (gas: 697195)
[PASS] testVerifyOcticWhirSuccessFixture() (gas: 8844236)
Suite result: ok. 11 passed; 0 failed; 0 skipped; finished in 164.81ms (143.93ms CPU time)

Ran 40 tests for test/FieldArithmetic.t.sol:FieldArithmeticTest
[PASS] testExt4EqPolyEvalForBooleanPoints() (gas: 33576)
[PASS] testExt4EvaluateHypercubeSmall() (gas: 50319)
[PASS] testExt4Extrapolate012AtInterpolationPoints() (gas: 28532)
[PASS] testExt4Extrapolate012MatchesReference() (gas: 1612941)
[PASS] testExt8EqPolyEvalForBooleanPoints() (gas: 40404)
[PASS] testExt8EvaluateHypercubeSmall() (gas: 83558)
[PASS] testExt8Extrapolate012AtInterpolationPoints() (gas: 49718)
[PASS] testExt8Extrapolate012FromSumcheckMatchesDirectPath() (gas: 2446135)
[PASS] testExt8Extrapolate012MatchesReference() (gas: 2961019)
[PASS] testExt8FoldOnceMatchesReference() (gas: 2647565)
[PASS] testExt8FoldOncePseudoRandomMatchesReference() (gas: 360034)
[PASS] testGasEvaluateHypercubeExt4() (gas: 89176)
[PASS] testGasEvaluateHypercubeExt8() (gas: 179059)
[PASS] testGasEvaluateHypercubeExt8Dim6() (gas: 694282)
[PASS] testGasExt4PackUnpack() (gas: 15679)
[PASS] testGasExt8Extrapolate012() (gas: 38771)
[PASS] testGasExt8Extrapolate012FromSumcheck() (gas: 41802)
[PASS] testGasExt8FoldOnce() (gas: 19764)
[PASS] testGasExt8FoldOnceSchoolbook() (gas: 19652)
[PASS] testGasExt8PackUnpack() (gas: 19063)
[PASS] testKoalaBearBaseFieldVectors() (gas: 405240)
[PASS] testKoalaBearExt4EqPolyVectors() (gas: 460562)
[PASS] testKoalaBearExt4ExtrapolateVectors() (gas: 235844)
[PASS] testKoalaBearExt4HypercubeVectors() (gas: 708296)
[PASS] testKoalaBearExt4MulMatchesReference() (gas: 1759242)
[PASS] testKoalaBearExt4RejectsNonCanonicalLowBits() (gas: 9762)
[PASS] testKoalaBearExt4Vectors() (gas: 2160835)
[PASS] testKoalaBearExt5EqPolyVectors() (gas: 440894)
[PASS] testKoalaBearExt5ExtrapolateVectors() (gas: 251420)
[PASS] testKoalaBearExt5HypercubeVectors() (gas: 750665)
[PASS] testKoalaBearExt5MulMatchesReference() (gas: 1703293)
[PASS] testKoalaBearExt5RejectsNonCanonicalLowBits() (gas: 9532)
[PASS] testKoalaBearExt5Vectors() (gas: 3580558)
[PASS] testKoalaBearExt8EqPolyVectors() (gas: 587726)
[PASS] testKoalaBearExt8ExtrapolateVectors() (gas: 315694)
[PASS] testKoalaBearExt8HypercubeVectors() (gas: 1133495)
[PASS] testKoalaBearExt8MulMatchesReference() (gas: 3470258)
[PASS] testKoalaBearExt8Vectors() (gas: 3818925)
[PASS] testKoalaBearInvAcceptsUnreducedNonzeroRepresentative() (gas: 18170)
[PASS] testKoalaBearInvRejectsUnreducedZeroRepresentatives() (gas: 13089)
Suite result: ok. 40 passed; 0 failed; 0 skipped; finished in 175.45ms (28.90ms CPU time)

Ran 19 tests for test/WhirBlobVerifierNative5_k22_jb100_ext5_lir4_ff4_rsv3_pow28.t.sol:WhirBlobVerifierNative5K22Jb100Ext5Pow28Rsv3Test
[PASS] testGasWhirVerifyBlobNativeFixed() (gas: 5455435)
[PASS] testNativeBlobUsesLessGasThanTypedVerifier() (gas: 13359598)
[PASS] testNativeBlobUsesLessGasThanWrapper() (gas: 14222715)
[PASS] testNativePrefixRound0SamplesMatchTrace() (gas: 825671)
[PASS] testRejectsBadCommitmentBlobNative() (gas: 772033)
[PASS] testRejectsBadOodBlobNative() (gas: 777745)
[PASS] testRejectsBadStirQueryBlobNative() (gas: 1435335)
[PASS] testRejectsBlobTrailingBytesNative() (gas: 876798)
[PASS] testRejectsBlobWrongHeaderFieldsNative() (gas: 50645293)
[PASS] testRejectsBlobWrongMagicNative() (gas: 759732)
[PASS] testRejectsBlobWrongVersionNative() (gas: 759706)
[PASS] testRejectsFinalConstraintMismatchBlobNative() (gas: 5460229)
[PASS] testRejectsMalformedFinalPolyCoefficientsBlobNative() (gas: 13552936)
[PASS] testRejectsMalformedInitialOodAnswersBlobNative() (gas: 2108252)
[PASS] testRejectsMalformedInitialSumcheckEvalsBlobNative() (gas: 2130631)
[PASS] testRejectsTamperedFinalMerklePathBlobNative() (gas: 3504681)
[PASS] testRejectsTamperedInitialSumcheckDataBlobNative() (gas: 782542)
[PASS] testRejectsTruncatedBlobNative() (gas: 760500)
[PASS] testVerifyQuinticWhirSuccessBlobNative() (gas: 5455369)
Suite result: ok. 19 passed; 0 failed; 0 skipped; finished in 198.39ms (209.68ms CPU time)

Ran 19 tests for test/WhirBlobVerifierNative5_k22_jb100_ext5_lir4_ff4_rsv4.t.sol:WhirBlobVerifierNative5K22Jb100Ext5Test
[PASS] testGasWhirVerifyBlobNativeFixed() (gas: 6318223)
[PASS] testNativeBlobUsesLessGasThanTypedVerifier() (gas: 15811650)
[PASS] testNativeBlobUsesLessGasThanWrapper() (gas: 16754420)
[PASS] testNativePrefixRound0SamplesMatchTrace() (gas: 946596)
[PASS] testRejectsBadCommitmentBlobNative() (gas: 892786)
[PASS] testRejectsBadOodBlobNative() (gas: 898392)
[PASS] testRejectsBadStirQueryBlobNative() (gas: 1653523)
[PASS] testRejectsBlobTrailingBytesNative() (gas: 1016271)
[PASS] testRejectsBlobWrongHeaderFieldsNative() (gas: 56068480)
[PASS] testRejectsBlobWrongMagicNative() (gas: 875133)
[PASS] testRejectsBlobWrongVersionNative() (gas: 875113)
[PASS] testRejectsFinalConstraintMismatchBlobNative() (gas: 6323044)
[PASS] testRejectsMalformedFinalPolyCoefficientsBlobNative() (gas: 15732491)
[PASS] testRejectsMalformedInitialOodAnswersBlobNative() (gas: 2509222)
[PASS] testRejectsMalformedInitialSumcheckEvalsBlobNative() (gas: 2531406)
[PASS] testRejectsTamperedFinalMerklePathBlobNative() (gas: 4030525)
[PASS] testRejectsTamperedInitialSumcheckDataBlobNative() (gas: 903211)
[PASS] testRejectsTruncatedBlobNative() (gas: 876614)
[PASS] testVerifyQuinticWhirSuccessBlobNative() (gas: 6318157)
Suite result: ok. 19 passed; 0 failed; 0 skipped; finished in 173.90ms (258.81ms CPU time)

Ran 18 tests for test/WhirBlobVerifierNative8_k22_jb100_lir6_ff4_rsv1.t.sol:WhirBlobVerifierNative8K22Jb100Test
[PASS] testGasWhirVerifyBlobNativeFixed() (gas: 6086013)
[PASS] testNativeBlobUsesLessGasThanTypedVerifier() (gas: 14593993)
[PASS] testNativeBlobUsesLessGasThanWrapper() (gas: 15234101)
[PASS] testRejectsBadCommitmentBlobNative() (gas: 515278)
[PASS] testRejectsBadOodBlobNative() (gas: 571767)
[PASS] testRejectsBadStirQueryBlobNative() (gas: 1196673)
[PASS] testRejectsBlobTrailingBytesNative() (gas: 576922)
[PASS] testRejectsBlobWrongHeaderFieldsNative() (gas: 44170799)
[PASS] testRejectsBlobWrongMagicNative() (gas: 494757)
[PASS] testRejectsBlobWrongVersionNative() (gas: 494737)
[PASS] testRejectsFinalConstraintMismatchBlobNative() (gas: 6090010)
[PASS] testRejectsMalformedFinalPolyCoefficientsBlobNative() (gas: 21783678)
[PASS] testRejectsMalformedInitialOodAnswersBlobNative() (gas: 2642219)
[PASS] testRejectsMalformedInitialSumcheckEvalsBlobNative() (gas: 2713931)
[PASS] testRejectsTamperedFinalMerklePathBlobNative() (gas: 3519032)
[PASS] testRejectsTamperedInitialSumcheckDataBlobNative() (gas: 575427)
[PASS] testRejectsTruncatedBlobNative() (gas: 496028)
[PASS] testVerifyOcticWhirSuccessBlobNative() (gas: 6086101)
Suite result: ok. 18 passed; 0 failed; 0 skipped; finished in 198.48ms (237.01ms CPU time)

Ran 11 tests for test/WhirBlobVerifier8_k22_jb100_lir6_ff4_rsv1.t.sol:WhirBlobVerifier8K22Jb100Test
[PASS] testBlobCalldataIsSmallerThanTypedAbi() (gas: 795698)
[PASS] testGasWhirVerifyBlobFixed() (gas: 9630680)
[PASS] testRejectsBadCommitmentBlob() (gas: 1400568)
[PASS] testRejectsBadOodBlob() (gas: 1483187)
[PASS] testRejectsBadStirQueryBlob() (gas: 2486644)
[PASS] testRejectsBlobTrailingBytes() (gas: 576874)
[PASS] testRejectsBlobWrongHeaderFields() (gas: 41311639)
[PASS] testRejectsBlobWrongMagic() (gas: 494913)
[PASS] testRejectsBlobWrongVersion() (gas: 494563)
[PASS] testRejectsTruncatedBlob() (gas: 496464)
[PASS] testVerifyOcticWhirSuccessBlob() (gas: 9630856)
Suite result: ok. 11 passed; 0 failed; 0 skipped; finished in 198.60ms (105.17ms CPU time)

Ran 29 test suites in 199.36ms (1.72s CPU time): 303 tests passed, 0 failed, 0 skipped (303 total tests)
