{
  "ok": true,
  "result": {
    "candidatePins": {
      "candidates": [
        "C00",
        "C01",
        "C10",
        "C11",
        "C12",
        "C20",
        "C21",
        "C22",
        "C23",
        "C30",
        "C40"
      ],
      "checkedArtifacts": [
        "research/aggregation/manifest.json",
        "research/aggregation/status.json",
        "research/candidates/C20-hvzk-whir/manifest.json",
        "research/candidates/C20-hvzk-whir/status.json",
        "research/candidates/C50-spartan-whir/manifest.json",
        "research/candidates/C50-spartan-whir/status.json",
        "research/candidates/C60-recursion/manifest.json",
        "research/candidates/C60-recursion/status.json",
        "research/candidates/C70-flock-veil/manifest.json",
        "research/candidates/C70-flock-veil/status.json",
        "research/candidates/H3/manifest.json",
        "research/candidates/H7/manifest.json",
        "research/candidates/air-geometry/results.json",
        "research/candidates/air-geometry/status.json",
        "research/candidates/structured-relation/results.json",
        "research/candidates/structured-relation/status.json",
        "research/candidates/v03-baseline/manifest.json",
        "research/candidates/v03-baseline/status.json",
        "research/candidates/v03-baseline/vectors/derived/jobs.json",
        "research/security-model/manifests/v02-style-q48-width190.json",
        "research/two-call-state/manifest.json",
        "research/two-call-state/status.json"
      ],
      "errors": [],
      "valid": true
    },
    "errors": [],
    "jsonDocumentsChecked": 8,
    "liveChainActions": 0,
    "manifest": {
      "checkedFiles": 1894,
      "errors": [],
      "manifest": "research/reproduction/evidence-manifest.json",
      "valid": true
    },
    "mode": "ALL_SAFE_READ_ONLY",
    "secretInputs": 0,
    "subprocesses": 0,
    "valid": true
  }
}
