   Compiling proc-macro2 v1.0.107
   Compiling quote v1.0.47
   Compiling unicode-ident v1.0.24
   Compiling libc v0.2.189
   Compiling serde_core v1.0.229
   Compiling autocfg v1.5.1
   Compiling num-traits v0.2.19
   Compiling getrandom v0.4.3
   Compiling syn v3.0.4
   Compiling cfg-if v1.0.4
   Compiling rand_core v0.10.1
   Compiling serde v1.0.229
   Compiling chacha20 v0.10.2
   Compiling syn v2.0.119
   Compiling paste v1.0.15
   Compiling num-integer v0.1.47
   Compiling rand v0.10.2
   Compiling p3-maybe-rayon v0.6.0 (https://github.com/Plonky3/Plonky3.git?rev=3152b14a89067c83775a8076cc262ffc48a1fd7c#3152b14a)
   Compiling pin-project-lite v0.2.17
   Compiling either v1.18.0
   Compiling tracing-core v0.1.36
   Compiling itertools v0.15.0
   Compiling serde_derive v1.0.229
   Compiling num-bigint v0.5.1
   Compiling scopeguard v1.2.0
   Compiling lock_api v0.4.14
   Compiling spin v0.12.3
   Compiling version_check v0.9.5
   Compiling generic-array v0.14.7
   Compiling tracing-attributes v0.1.31
   Compiling thiserror v2.0.20
   Compiling thiserror-impl v2.0.20
   Compiling tracing v0.1.44
   Compiling typenum v1.20.1
   Compiling p3-util v0.6.0 (https://github.com/Plonky3/Plonky3.git?rev=3152b14a89067c83775a8076cc262ffc48a1fd7c#3152b14a)
   Compiling p3-field v0.6.0 (https://github.com/Plonky3/Plonky3.git?rev=3152b14a89067c83775a8076cc262ffc48a1fd7c#3152b14a)
   Compiling libm v0.2.16
   Compiling block-buffer v0.10.4
   Compiling crypto-common v0.1.7
   Compiling cpufeatures v0.2.17
   Compiling keccak v0.1.6
   Compiling p3-matrix v0.6.0 (https://github.com/Plonky3/Plonky3.git?rev=3152b14a89067c83775a8076cc262ffc48a1fd7c#3152b14a)
   Compiling p3-symmetric v0.6.0 (https://github.com/Plonky3/Plonky3.git?rev=3152b14a89067c83775a8076cc262ffc48a1fd7c#3152b14a)
   Compiling p3-challenger v0.6.0 (https://github.com/Plonky3/Plonky3.git?rev=3152b14a89067c83775a8076cc262ffc48a1fd7c#3152b14a)
   Compiling p3-dft v0.6.0 (https://github.com/Plonky3/Plonky3.git?rev=3152b14a89067c83775a8076cc262ffc48a1fd7c#3152b14a)
   Compiling p3-multilinear-util v0.6.0 (https://github.com/Plonky3/Plonky3.git?rev=3152b14a89067c83775a8076cc262ffc48a1fd7c#3152b14a)
   Compiling p3-air v0.6.0 (https://github.com/Plonky3/Plonky3.git?rev=3152b14a89067c83775a8076cc262ffc48a1fd7c#3152b14a)
   Compiling p3-mds v0.6.0 (https://github.com/Plonky3/Plonky3.git?rev=3152b14a89067c83775a8076cc262ffc48a1fd7c#3152b14a)
   Compiling p3-commit v0.6.0 (https://github.com/Plonky3/Plonky3.git?rev=3152b14a89067c83775a8076cc262ffc48a1fd7c#3152b14a)
   Compiling p3-poseidon2 v0.6.0 (https://github.com/Plonky3/Plonky3.git?rev=3152b14a89067c83775a8076cc262ffc48a1fd7c#3152b14a)
   Compiling p3-poseidon1 v0.6.0 (https://github.com/Plonky3/Plonky3.git?rev=3152b14a89067c83775a8076cc262ffc48a1fd7c#3152b14a)
   Compiling p3-security v0.6.0 (https://github.com/Plonky3/Plonky3.git?rev=3152b14a89067c83775a8076cc262ffc48a1fd7c#3152b14a)
   Compiling digest v0.10.7
   Compiling hex v0.4.3
   Compiling p3-monty-31 v0.6.0 (https://github.com/Plonky3/Plonky3.git?rev=3152b14a89067c83775a8076cc262ffc48a1fd7c#3152b14a)
   Compiling crunchy v0.2.4
   Compiling pqtc-spec v0.3.0 (/private/tmp/pqtc-r2-baseline-r2-main-18olw4dw/checkout/crates/pqtc-spec)
   Compiling sha3 v0.10.9
   Compiling base64 v0.22.1
   Compiling p3-baby-bear v0.6.0 (https://github.com/Plonky3/Plonky3.git?rev=3152b14a89067c83775a8076cc262ffc48a1fd7c#3152b14a)
   Compiling utf8parse v0.2.2
   Compiling tiny-keccak v2.0.2
   Compiling anstyle-parse v1.0.0
   Compiling pqtc-hash v0.3.0 (/private/tmp/pqtc-r2-baseline-r2-main-18olw4dw/checkout/crates/pqtc-hash)
   Compiling p3-uni-stark v0.6.0 (https://github.com/Plonky3/Plonky3.git?rev=3152b14a89067c83775a8076cc262ffc48a1fd7c#3152b14a)
   Compiling p3-poseidon2-air v0.6.0 (https://github.com/Plonky3/Plonky3.git?rev=3152b14a89067c83775a8076cc262ffc48a1fd7c#3152b14a)
   Compiling anstyle-query v1.1.5
   Compiling colorchoice v1.0.5
   Compiling is_terminal_polyfill v1.70.2
   Compiling zmij v1.0.23
   Compiling anstyle v1.0.14
   Compiling pqtc-poseidon-air v0.3.0 (/private/tmp/pqtc-r2-baseline-r2-main-18olw4dw/checkout/crates/pqtc-poseidon-air)
   Compiling anstream v1.0.0
   Compiling anyhow v1.0.104
   Compiling serde_json v1.0.151
   Compiling clap_lex v1.1.0
   Compiling strsim v0.11.1
   Compiling heck v0.5.0
   Compiling clap_derive v4.6.4
   Compiling clap_builder v4.6.6
   Compiling p3-keccak v0.6.0 (https://github.com/Plonky3/Plonky3.git?rev=3152b14a89067c83775a8076cc262ffc48a1fd7c#3152b14a)
   Compiling p3-fri v0.6.0 (https://github.com/Plonky3/Plonky3.git?rev=3152b14a89067c83775a8076cc262ffc48a1fd7c#3152b14a)
   Compiling p3-merkle-tree v0.6.0 (https://github.com/Plonky3/Plonky3.git?rev=3152b14a89067c83775a8076cc262ffc48a1fd7c#3152b14a)
   Compiling itoa v1.0.18
   Compiling memchr v2.8.3
   Compiling pqtc-stark v0.3.0 (/private/tmp/pqtc-r2-baseline-r2-main-18olw4dw/checkout/crates/pqtc-stark)
   Compiling clap v4.6.6
   Compiling pqtc-security v0.3.0 (/private/tmp/pqtc-r2-baseline-r2-main-18olw4dw/checkout/crates/pqtc-security)
   Compiling v03-baseline-reproducer v0.1.0 (/private/tmp/pqtc-r2-baseline-r2-main-18olw4dw/checkout/research/candidates/v03-baseline/native)
    Finished `release` profile [optimized] target(s) in 14.12s
