    Blocking waiting for file lock on package cache
     Locking 60 packages to latest Rust 1.97.0 compatible versions
    Blocking waiting for file lock on package cache
    Blocking waiting for file lock on package cache
    Blocking waiting for file lock on package cache
   Compiling proc-macro2 v1.0.107
   Compiling unicode-ident v1.0.24
   Compiling quote v1.0.47
   Compiling libc v0.2.189
   Compiling serde_core v1.0.229
   Compiling autocfg v1.5.1
   Compiling num-traits v0.2.19
   Compiling serde v1.0.229
   Compiling syn v3.0.5
   Compiling cfg-if v1.0.4
   Compiling rand_core v0.10.1
   Compiling getrandom v0.4.3
   Compiling serde_derive v1.0.229
   Compiling chacha20 v0.10.2
   Compiling syn v2.0.119
   Compiling paste v1.0.15
   Compiling rand v0.10.2
   Compiling num-integer v0.1.47
   Compiling tracing-core v0.1.36
   Compiling pin-project-lite v0.2.17
   Compiling either v1.18.0
   Compiling p3-maybe-rayon v0.6.0 (https://github.com/Plonky3/Plonky3.git?rev=3152b14a89067c83775a8076cc262ffc48a1fd7c#3152b14a)
   Compiling itertools v0.15.0
   Compiling num-bigint v0.5.1
   Compiling p3-util v0.6.0 (https://github.com/Plonky3/Plonky3.git?rev=3152b14a89067c83775a8076cc262ffc48a1fd7c#3152b14a)
   Compiling scopeguard v1.2.0
   Compiling lock_api v0.4.14
   Compiling tracing-attributes v0.1.31
   Compiling version_check v0.9.5
   Compiling spin v0.12.3
   Compiling typenum v1.20.1
   Compiling generic-array v0.14.7
   Compiling thiserror v2.0.20
   Compiling tracing v0.1.44
   Compiling crypto-common v0.1.7
   Compiling block-buffer v0.10.4
   Compiling thiserror-impl v2.0.20
   Compiling p3-field v0.6.0 (https://github.com/Plonky3/Plonky3.git?rev=3152b14a89067c83775a8076cc262ffc48a1fd7c#3152b14a)
   Compiling cpufeatures v0.2.17
   Compiling zmij v1.0.23
   Compiling keccak v0.1.6
   Compiling digest v0.10.7
   Compiling serde_json v1.0.151
   Compiling hex v0.4.3
   Compiling sha3 v0.10.9
   Compiling p3-matrix v0.6.0 (https://github.com/Plonky3/Plonky3.git?rev=3152b14a89067c83775a8076cc262ffc48a1fd7c#3152b14a)
   Compiling p3-symmetric v0.6.0 (https://github.com/Plonky3/Plonky3.git?rev=3152b14a89067c83775a8076cc262ffc48a1fd7c#3152b14a)
   Compiling base64 v0.22.1
   Compiling p3-dft v0.6.0 (https://github.com/Plonky3/Plonky3.git?rev=3152b14a89067c83775a8076cc262ffc48a1fd7c#3152b14a)
   Compiling memchr v2.8.3
   Compiling itoa v1.0.18
   Compiling pqtc-spec v0.3.0 (/Users/zodomo/code/PQTornado/crates/pqtc-spec)
   Compiling p3-mds v0.6.0 (https://github.com/Plonky3/Plonky3.git?rev=3152b14a89067c83775a8076cc262ffc48a1fd7c#3152b14a)
   Compiling p3-poseidon2 v0.6.0 (https://github.com/Plonky3/Plonky3.git?rev=3152b14a89067c83775a8076cc262ffc48a1fd7c#3152b14a)
   Compiling p3-poseidon1 v0.6.0 (https://github.com/Plonky3/Plonky3.git?rev=3152b14a89067c83775a8076cc262ffc48a1fd7c#3152b14a)
   Compiling p3-monty-31 v0.6.0 (https://github.com/Plonky3/Plonky3.git?rev=3152b14a89067c83775a8076cc262ffc48a1fd7c#3152b14a)
   Compiling p3-baby-bear v0.6.0 (https://github.com/Plonky3/Plonky3.git?rev=3152b14a89067c83775a8076cc262ffc48a1fd7c#3152b14a)
   Compiling pqtc-hash v0.3.0 (/Users/zodomo/code/PQTornado/crates/pqtc-hash)
   Compiling pqtc-r2-hash v0.1.0 (/Users/zodomo/code/PQTornado/research/r2/hash/rust)
    Finished `release` profile [optimized] target(s) in 11.68s
       11.71 real        23.95 user         2.67 sys
           345505792  maximum resident set size
                   0  average shared memory size
                   0  average unshared data size
                   0  average unshared stack size
              977671  page reclaims
                2461  page faults
                   0  swaps
                   0  block input operations
                   0  block output operations
                   0  messages sent
                   0  messages received
                  78  signals received
                1128  voluntary context switches
               41825  involuntary context switches
          1912776682  instructions retired
           962271957  cycles elapsed
            33817320  peak memory footprint
