   Compiling pqtc-r2-air v0.1.0 (/Users/zodomo/code/PQTornado/research/r2/air/rust)
warning: unused import: `PrimeField32`
 --> src/lib.rs:5:41
  |
5 | use p3_field::{PrimeCharacteristicRing, PrimeField32};
  |                                         ^^^^^^^^^^^^
  |
  = note: `#[warn(unused_imports)]` (part of `#[warn(unused)]`) on by default

warning: `pqtc-r2-air` (lib) generated 1 warning (run `cargo fix --lib -p pqtc-r2-air` to apply 1 suggestion)
    Finished `release` profile [optimized] target(s) in 19.30s
       19.32 real        24.44 user         0.48 sys
           538591232  maximum resident set size
                   0  average shared memory size
                   0  average unshared data size
                   0  average unshared stack size
              118151  page reclaims
                 211  page faults
                   0  swaps
                   0  block input operations
                   0  block output operations
                   0  messages sent
                   0  messages received
                   4  signals received
                 136  voluntary context switches
               12406  involuntary context switches
           848928683  instructions retired
           274275398  cycles elapsed
            29131352  peak memory footprint
