     Locking 43 packages to latest Rust 1.97.0 compatible versions
      Adding serde_json v1.0.145 (available: v1.0.151)
error: failed to download `ryu v1.0.23`

Caused by:
  attempting to make an HTTP request, but --offline was specified
        0.11 real         0.05 user         0.04 sys
            39993344  maximum resident set size
                   0  average shared memory size
                   0  average unshared data size
                   0  average unshared stack size
               18367  page reclaims
                   1  page faults
                   0  swaps
                   0  block input operations
                   0  block output operations
                   0  messages sent
                   0  messages received
                   0  signals received
                   5  voluntary context switches
                 174  involuntary context switches
           698685469  instructions retired
           210266894  cycles elapsed
            21742120  peak memory footprint
