   Compiling proc-macro2 v1.0.107
   Compiling quote v1.0.47
   Compiling unicode-ident v1.0.24
   Compiling libc v0.2.189
   Compiling serde_core v1.0.229
   Compiling autocfg v1.5.1
   Compiling serde v1.0.229
   Compiling syn v3.0.5
   Compiling num-traits v0.2.19
   Compiling rand_core v0.10.1
   Compiling getrandom v0.4.3
   Compiling cfg-if v1.0.4
   Compiling chacha20 v0.10.2
   Compiling syn v2.0.119
   Compiling paste v1.0.15
   Compiling num-integer v0.1.47
   Compiling serde_derive v1.0.229
   Compiling rand v0.10.2
   Compiling p3-maybe-rayon v0.6.0 (https://github.com/Plonky3/Plonky3.git?rev=3152b14a89067c83775a8076cc262ffc48a1fd7c#3152b14a)
   Compiling pin-project-lite v0.2.17
   Compiling either v1.18.0
   Compiling tracing-core v0.1.36
   Compiling itertools v0.15.0
   Compiling num-bigint v0.5.1
   Compiling scopeguard v1.2.0
   Compiling lock_api v0.4.14
   Compiling version_check v0.9.5
   Compiling generic-array v0.14.7
   Compiling spin v0.12.3
   Compiling tracing-attributes v0.1.31
   Compiling p3-util v0.6.0 (https://github.com/Plonky3/Plonky3.git?rev=3152b14a89067c83775a8076cc262ffc48a1fd7c#3152b14a)
   Compiling typenum v1.20.1
   Compiling thiserror v2.0.20
   Compiling thiserror-impl v2.0.20
   Compiling cpufeatures v0.2.17
   Compiling zmij v1.0.23
   Compiling tracing v0.1.44
   Compiling p3-field v0.6.0 (https://github.com/Plonky3/Plonky3.git?rev=3152b14a89067c83775a8076cc262ffc48a1fd7c#3152b14a)
   Compiling block-buffer v0.10.4
   Compiling crypto-common v0.1.7
   Compiling digest v0.10.7
   Compiling keccak v0.1.6
   Compiling hex v0.4.3
   Compiling serde_json v1.0.151
   Compiling sha3 v0.10.9
   Compiling pqtc-spec v0.3.0 (/Users/zodomo/code/PQTornado/crates/pqtc-spec)
   Compiling base64 v0.22.1
   Compiling memchr v2.8.3
   Compiling itoa v1.0.18
   Compiling p3-matrix v0.6.0 (https://github.com/Plonky3/Plonky3.git?rev=3152b14a89067c83775a8076cc262ffc48a1fd7c#3152b14a)
   Compiling p3-symmetric v0.6.0 (https://github.com/Plonky3/Plonky3.git?rev=3152b14a89067c83775a8076cc262ffc48a1fd7c#3152b14a)
   Compiling p3-dft v0.6.0 (https://github.com/Plonky3/Plonky3.git?rev=3152b14a89067c83775a8076cc262ffc48a1fd7c#3152b14a)
   Compiling p3-mds v0.6.0 (https://github.com/Plonky3/Plonky3.git?rev=3152b14a89067c83775a8076cc262ffc48a1fd7c#3152b14a)
   Compiling p3-poseidon1 v0.6.0 (https://github.com/Plonky3/Plonky3.git?rev=3152b14a89067c83775a8076cc262ffc48a1fd7c#3152b14a)
   Compiling p3-poseidon2 v0.6.0 (https://github.com/Plonky3/Plonky3.git?rev=3152b14a89067c83775a8076cc262ffc48a1fd7c#3152b14a)
   Compiling p3-monty-31 v0.6.0 (https://github.com/Plonky3/Plonky3.git?rev=3152b14a89067c83775a8076cc262ffc48a1fd7c#3152b14a)
   Compiling p3-baby-bear v0.6.0 (https://github.com/Plonky3/Plonky3.git?rev=3152b14a89067c83775a8076cc262ffc48a1fd7c#3152b14a)
   Compiling pqtc-hash v0.3.0 (/Users/zodomo/code/PQTornado/crates/pqtc-hash)
   Compiling pqtc-r2-hash v0.1.0 (/Users/zodomo/code/PQTornado/research/r2/hash/rust)
    Finished `release` profile [optimized] target(s) in 8.23s
