     Locking 13 packages to latest Rust 1.97.0 compatible versions
      Adding atomic-polyfill v1.0.3
      Adding byteorder v1.5.0
      Adding cobs v0.3.0
      Adding critical-section v1.2.0
      Adding embedded-io v0.4.0
      Adding embedded-io v0.6.1
      Adding hash32 v0.2.1
      Adding heapless v0.7.17
      Adding postcard v1.1.3
      Adding rustc_version v0.4.1
      Adding semver v1.0.28
      Adding spin v0.9.9
      Adding stable_deref_trait v1.2.1
   Compiling semver v1.0.28
   Compiling byteorder v1.5.0
   Compiling stable_deref_trait v1.2.1
   Compiling cobs v0.3.0
   Compiling hash32 v0.2.1
   Compiling rustc_version v0.4.1
   Compiling heapless v0.7.17
   Compiling postcard v1.1.3
   Compiling pqtc-r2-operations v0.1.0 (/Users/zodomo/code/PQTornado/research/r2/operations/rust)
    Finished `release` profile [optimized] target(s) in 2.73s
        2.78 real         4.66 user         0.90 sys
           202358784  maximum resident set size
                   0  average shared memory size
                   0  average unshared data size
                   0  average unshared stack size
              143964  page reclaims
               13264  page faults
                   0  swaps
                   0  block input operations
                   0  block output operations
                   0  messages sent
                   0  messages received
                  20  signals received
                1526  voluntary context switches
               23402  involuntary context switches
          1200026457  instructions retired
           566638838  cycles elapsed
            34571008  peak memory footprint
