   Compiling pqtc-r2-air v0.1.0 (/Users/zodomo/code/PQTornado/research/r2/air/rust)
warning: unused import: `PrimeField32`
 --> src/lib.rs:5:41
  |
5 | use p3_field::{PrimeCharacteristicRing, PrimeField32};
  |                                         ^^^^^^^^^^^^
  |
  = note: `#[warn(unused_imports)]` (part of `#[warn(unused)]`) on by default

warning: `pqtc-r2-air` (lib) generated 1 warning (run `cargo fix --lib -p pqtc-r2-air` to apply 1 suggestion)
    Finished `release` profile [optimized] target(s) in 20.11s
       20.13 real        24.80 user         0.65 sys
           532463616  maximum resident set size
                   0  average shared memory size
                   0  average unshared data size
                   0  average unshared stack size
              112610  page reclaims
                8047  page faults
                   0  swaps
                   0  block input operations
                   0  block output operations
                   0  messages sent
                   0  messages received
                   4  signals received
                 468  voluntary context switches
               25247  involuntary context switches
           852373759  instructions retired
           290818089  cycles elapsed
            30048952  peak memory footprint
