    Updating git repository `https://github.com/Plonky3/Plonky3.git`
    Updating crates.io index
     Locking 97 packages to latest Rust 1.97.0 compatible versions
      Adding generic-array v0.14.7 (available: v0.14.9)
 Downloading crates ...
  Downloaded syn v3.0.5
   Compiling proc-macro2 v1.0.107
   Compiling unicode-ident v1.0.24
   Compiling quote v1.0.47
   Compiling crossbeam-utils v0.8.22
   Compiling libc v0.2.189
   Compiling serde_core v1.0.229
   Compiling crossbeam-epoch v0.9.20
   Compiling syn v3.0.5
   Compiling serde v1.0.229
   Compiling crossbeam-deque v0.8.7
   Compiling autocfg v1.5.1
   Compiling rayon-core v1.13.0
   Compiling num-traits v0.2.19
   Compiling either v1.18.0
   Compiling serde_derive v1.0.229
   Compiling getrandom v0.4.3
   Compiling rand_core v0.10.1
   Compiling cfg-if v1.0.4
   Compiling rayon v1.12.0
   Compiling chacha20 v0.10.2
   Compiling syn v2.0.119
   Compiling paste v1.0.15
   Compiling rand v0.10.2
   Compiling p3-maybe-rayon v0.6.0 (https://github.com/Plonky3/Plonky3.git?rev=3152b14a89067c83775a8076cc262ffc48a1fd7c#3152b14a)
   Compiling num-integer v0.1.47
   Compiling tracing-core v0.1.36
   Compiling pin-project-lite v0.2.17
   Compiling p3-util v0.6.0 (https://github.com/Plonky3/Plonky3.git?rev=3152b14a89067c83775a8076cc262ffc48a1fd7c#3152b14a)
   Compiling num-bigint v0.5.1
   Compiling itertools v0.15.0
   Compiling scopeguard v1.2.0
   Compiling lock_api v0.4.14
   Compiling spin v0.12.3
   Compiling thiserror v2.0.20
   Compiling thiserror-impl v2.0.20
   Compiling tracing-attributes v0.1.31
   Compiling version_check v0.9.5
   Compiling generic-array v0.14.7
   Compiling libm v0.2.16
   Compiling tracing v0.1.44
   Compiling typenum v1.20.1
   Compiling p3-field v0.6.0 (https://github.com/Plonky3/Plonky3.git?rev=3152b14a89067c83775a8076cc262ffc48a1fd7c#3152b14a)
   Compiling semver v1.0.28
   Compiling rustc_version v0.4.1
   Compiling block-buffer v0.10.4
   Compiling crypto-common v0.1.7
   Compiling cpufeatures v0.2.17
   Compiling equivalent v1.0.2
   Compiling allocator-api2 v0.2.21
   Compiling foldhash v0.2.0
   Compiling p3-matrix v0.6.0 (https://github.com/Plonky3/Plonky3.git?rev=3152b14a89067c83775a8076cc262ffc48a1fd7c#3152b14a)
   Compiling p3-symmetric v0.6.0 (https://github.com/Plonky3/Plonky3.git?rev=3152b14a89067c83775a8076cc262ffc48a1fd7c#3152b14a)
   Compiling hashbrown v0.17.1
   Compiling p3-challenger v0.6.0 (https://github.com/Plonky3/Plonky3.git?rev=3152b14a89067c83775a8076cc262ffc48a1fd7c#3152b14a)
   Compiling keccak v0.1.6
   Compiling p3-dft v0.6.0 (https://github.com/Plonky3/Plonky3.git?rev=3152b14a89067c83775a8076cc262ffc48a1fd7c#3152b14a)
   Compiling p3-multilinear-util v0.6.0 (https://github.com/Plonky3/Plonky3.git?rev=3152b14a89067c83775a8076cc262ffc48a1fd7c#3152b14a)
   Compiling p3-air v0.6.0 (https://github.com/Plonky3/Plonky3.git?rev=3152b14a89067c83775a8076cc262ffc48a1fd7c#3152b14a)
   Compiling p3-mds v0.6.0 (https://github.com/Plonky3/Plonky3.git?rev=3152b14a89067c83775a8076cc262ffc48a1fd7c#3152b14a)
   Compiling p3-commit v0.6.0 (https://github.com/Plonky3/Plonky3.git?rev=3152b14a89067c83775a8076cc262ffc48a1fd7c#3152b14a)
   Compiling p3-poseidon2 v0.6.0 (https://github.com/Plonky3/Plonky3.git?rev=3152b14a89067c83775a8076cc262ffc48a1fd7c#3152b14a)
   Compiling p3-poseidon1 v0.6.0 (https://github.com/Plonky3/Plonky3.git?rev=3152b14a89067c83775a8076cc262ffc48a1fd7c#3152b14a)
   Compiling p3-zk-codes v0.6.0 (https://github.com/Plonky3/Plonky3.git?rev=3152b14a89067c83775a8076cc262ffc48a1fd7c#3152b14a)
   Compiling p3-security v0.6.0 (https://github.com/Plonky3/Plonky3.git?rev=3152b14a89067c83775a8076cc262ffc48a1fd7c#3152b14a)
   Compiling digest v0.10.7
   Compiling p3-monty-31 v0.6.0 (https://github.com/Plonky3/Plonky3.git?rev=3152b14a89067c83775a8076cc262ffc48a1fd7c#3152b14a)
   Compiling heapless v0.7.17
   Compiling hex v0.4.3
   Compiling byteorder v1.5.0
   Compiling p3-uni-stark v0.6.0 (https://github.com/Plonky3/Plonky3.git?rev=3152b14a89067c83775a8076cc262ffc48a1fd7c#3152b14a)
   Compiling zmij v1.0.23
   Compiling p3-baby-bear v0.6.0 (https://github.com/Plonky3/Plonky3.git?rev=3152b14a89067c83775a8076cc262ffc48a1fd7c#3152b14a)
   Compiling hash32 v0.2.1
   Compiling pqtc-spec v0.3.0 (/Users/zodomo/code/PQTornado/crates/pqtc-spec)
   Compiling sha3 v0.10.9
   Compiling p3-sumcheck v0.6.0 (https://github.com/Plonky3/Plonky3.git?rev=3152b14a89067c83775a8076cc262ffc48a1fd7c#3152b14a)
   Compiling stable_deref_trait v1.2.1
   Compiling base64 v0.22.1
   Compiling serde_json v1.0.151
   Compiling pqtc-hash v0.3.0 (/Users/zodomo/code/PQTornado/crates/pqtc-hash)
   Compiling p3-lookup v0.6.0 (https://github.com/Plonky3/Plonky3.git?rev=3152b14a89067c83775a8076cc262ffc48a1fd7c#3152b14a)
   Compiling p3-poseidon2-air v0.6.0 (https://github.com/Plonky3/Plonky3.git?rev=3152b14a89067c83775a8076cc262ffc48a1fd7c#3152b14a)
   Compiling p3-merkle-tree v0.6.0 (https://github.com/Plonky3/Plonky3.git?rev=3152b14a89067c83775a8076cc262ffc48a1fd7c#3152b14a)
   Compiling cobs v0.3.0
   Compiling memchr v2.8.3
   Compiling itoa v1.0.18
   Compiling postcard v1.1.3
   Compiling p3-whir v0.6.0 (https://github.com/Plonky3/Plonky3.git?rev=3152b14a89067c83775a8076cc262ffc48a1fd7c#3152b14a)
   Compiling pqtc-poseidon-air v0.3.0 (/Users/zodomo/code/PQTornado/crates/pqtc-poseidon-air)
   Compiling p3-multi-stark v0.6.0 (https://github.com/Plonky3/Plonky3.git?rev=3152b14a89067c83775a8076cc262ffc48a1fd7c#3152b14a)
   Compiling pqtc-r2-backend v0.1.0 (/Users/zodomo/code/PQTornado/research/r2/backend/rust)
    Finished `release` profile [optimized] target(s) in 9.94s
