   Compiling proc-macro2 v1.0.107
   Compiling unicode-ident v1.0.24
   Compiling quote v1.0.47
   Compiling crossbeam-utils v0.8.22
   Compiling serde_core v1.0.229
   Compiling libc v0.2.189
   Compiling crossbeam-epoch v0.9.20
   Compiling syn v3.0.5
   Compiling serde v1.0.229
   Compiling crossbeam-deque v0.8.7
   Compiling rayon-core v1.13.0
   Compiling autocfg v1.5.1
   Compiling num-traits v0.2.19
    Checking rand_core v0.10.1
    Checking cfg-if v1.0.4
    Checking either v1.18.0
   Compiling getrandom v0.4.3
    Checking rayon v1.12.0
    Checking chacha20 v0.10.2
   Compiling syn v2.0.119
   Compiling serde_derive v1.0.229
   Compiling paste v1.0.15
    Checking num-integer v0.1.47
    Checking rand v0.10.2
    Checking tracing-core v0.1.36
    Checking p3-maybe-rayon v0.6.0 (https://github.com/Plonky3/Plonky3.git?rev=3152b14a89067c83775a8076cc262ffc48a1fd7c#3152b14a)
    Checking pin-project-lite v0.2.17
    Checking num-bigint v0.5.1
    Checking itertools v0.15.0
    Checking scopeguard v1.2.0
    Checking lock_api v0.4.14
    Checking spin v0.12.3
   Compiling thiserror v2.0.20
   Compiling thiserror-impl v2.0.20
   Compiling version_check v0.9.5
    Checking p3-util v0.6.0 (https://github.com/Plonky3/Plonky3.git?rev=3152b14a89067c83775a8076cc262ffc48a1fd7c#3152b14a)
   Compiling generic-array v0.14.7
   Compiling libm v0.2.16
    Checking typenum v1.20.1
   Compiling tracing-attributes v0.1.31
   Compiling semver v1.0.28
   Compiling rustc_version v0.4.1
    Checking cpufeatures v0.2.17
    Checking allocator-api2 v0.2.21
    Checking equivalent v1.0.2
    Checking block-buffer v0.10.4
    Checking crypto-common v0.1.7
    Checking foldhash v0.2.0
    Checking digest v0.10.7
   Compiling heapless v0.7.17
    Checking hashbrown v0.17.1
    Checking keccak v0.1.6
    Checking hex v0.4.3
    Checking byteorder v1.5.0
    Checking tracing v0.1.44
   Compiling zmij v1.0.23
    Checking pqtc-spec v0.3.0 (/Users/zodomo/code/PQTornado/crates/pqtc-spec)
    Checking hash32 v0.2.1
    Checking sha3 v0.10.9
    Checking p3-field v0.6.0 (https://github.com/Plonky3/Plonky3.git?rev=3152b14a89067c83775a8076cc262ffc48a1fd7c#3152b14a)
    Checking base64 v0.22.1
   Compiling serde_json v1.0.151
    Checking stable_deref_trait v1.2.1
    Checking cobs v0.3.0
    Checking itoa v1.0.18
    Checking memchr v2.8.3
    Checking postcard v1.1.3
    Checking p3-matrix v0.6.0 (https://github.com/Plonky3/Plonky3.git?rev=3152b14a89067c83775a8076cc262ffc48a1fd7c#3152b14a)
    Checking p3-symmetric v0.6.0 (https://github.com/Plonky3/Plonky3.git?rev=3152b14a89067c83775a8076cc262ffc48a1fd7c#3152b14a)
    Checking p3-challenger v0.6.0 (https://github.com/Plonky3/Plonky3.git?rev=3152b14a89067c83775a8076cc262ffc48a1fd7c#3152b14a)
    Checking p3-dft v0.6.0 (https://github.com/Plonky3/Plonky3.git?rev=3152b14a89067c83775a8076cc262ffc48a1fd7c#3152b14a)
    Checking p3-multilinear-util v0.6.0 (https://github.com/Plonky3/Plonky3.git?rev=3152b14a89067c83775a8076cc262ffc48a1fd7c#3152b14a)
    Checking p3-air v0.6.0 (https://github.com/Plonky3/Plonky3.git?rev=3152b14a89067c83775a8076cc262ffc48a1fd7c#3152b14a)
    Checking p3-mds v0.6.0 (https://github.com/Plonky3/Plonky3.git?rev=3152b14a89067c83775a8076cc262ffc48a1fd7c#3152b14a)
    Checking p3-commit v0.6.0 (https://github.com/Plonky3/Plonky3.git?rev=3152b14a89067c83775a8076cc262ffc48a1fd7c#3152b14a)
    Checking p3-zk-codes v0.6.0 (https://github.com/Plonky3/Plonky3.git?rev=3152b14a89067c83775a8076cc262ffc48a1fd7c#3152b14a)
    Checking p3-security v0.6.0 (https://github.com/Plonky3/Plonky3.git?rev=3152b14a89067c83775a8076cc262ffc48a1fd7c#3152b14a)
    Checking p3-poseidon2 v0.6.0 (https://github.com/Plonky3/Plonky3.git?rev=3152b14a89067c83775a8076cc262ffc48a1fd7c#3152b14a)
    Checking p3-poseidon1 v0.6.0 (https://github.com/Plonky3/Plonky3.git?rev=3152b14a89067c83775a8076cc262ffc48a1fd7c#3152b14a)
    Checking p3-sumcheck v0.6.0 (https://github.com/Plonky3/Plonky3.git?rev=3152b14a89067c83775a8076cc262ffc48a1fd7c#3152b14a)
    Checking p3-poseidon2-air v0.6.0 (https://github.com/Plonky3/Plonky3.git?rev=3152b14a89067c83775a8076cc262ffc48a1fd7c#3152b14a)
    Checking p3-monty-31 v0.6.0 (https://github.com/Plonky3/Plonky3.git?rev=3152b14a89067c83775a8076cc262ffc48a1fd7c#3152b14a)
    Checking p3-uni-stark v0.6.0 (https://github.com/Plonky3/Plonky3.git?rev=3152b14a89067c83775a8076cc262ffc48a1fd7c#3152b14a)
    Checking p3-merkle-tree v0.6.0 (https://github.com/Plonky3/Plonky3.git?rev=3152b14a89067c83775a8076cc262ffc48a1fd7c#3152b14a)
    Checking p3-baby-bear v0.6.0 (https://github.com/Plonky3/Plonky3.git?rev=3152b14a89067c83775a8076cc262ffc48a1fd7c#3152b14a)
    Checking p3-lookup v0.6.0 (https://github.com/Plonky3/Plonky3.git?rev=3152b14a89067c83775a8076cc262ffc48a1fd7c#3152b14a)
    Checking pqtc-hash v0.3.0 (/Users/zodomo/code/PQTornado/crates/pqtc-hash)
    Checking pqtc-poseidon-air v0.3.0 (/Users/zodomo/code/PQTornado/crates/pqtc-poseidon-air)
    Checking p3-whir v0.6.0 (https://github.com/Plonky3/Plonky3.git?rev=3152b14a89067c83775a8076cc262ffc48a1fd7c#3152b14a)
    Checking p3-multi-stark v0.6.0 (https://github.com/Plonky3/Plonky3.git?rev=3152b14a89067c83775a8076cc262ffc48a1fd7c#3152b14a)
    Checking pqtc-r2-backend v0.1.0 (/Users/zodomo/code/PQTornado/research/r2/backend/rust)
error[E0277]: the trait bound `HidingWhirPcs<..., ..., ..., ..., ..., ...>: Pcs<..., ...>` is not satisfied
 --> src/uni_api_barrier.rs:4:44
  |
4 | fn main() { required_by_frozen_uni_stark::<HidingPcs>(); }
  |                                            ^^^^^^^^^ unsatisfied trait bound
  |
  = help: the trait `Pcs<ExtField<p3_monty_31::monty_31::MontyField31<p3_baby_bear::baby_bear::BabyBearParameters>, 4, Binomial<p3_monty_31::monty_31::MontyField31<p3_baby_bear::baby_bear::BabyBearParameters>>>, p3_challenger::duplex_challenger::DuplexChallenger<p3_monty_31::monty_31::MontyField31<p3_baby_bear::baby_bear::BabyBearParameters>, p3_poseidon2::Poseidon2<p3_monty_31::monty_31::MontyField31<p3_baby_bear::baby_bear::BabyBearParameters>, p3_monty_31::aarch64_neon::poseidon2::Poseidon2ExternalLayerMonty31<p3_baby_bear::baby_bear::BabyBearParameters, 16>, p3_monty_31::aarch64_neon::poseidon2::Poseidon2InternalLayerMonty31<p3_baby_bear::baby_bear::BabyBearParameters, 16, p3_baby_bear::poseidon2::BabyBearInternalLayerParameters>, 16, 7>, 16, 8>>` is not implemented for `HidingWhirPcs<ExtField<..., 4, ...>, ..., ..., ..., ..., ...>`
note: required by a bound in `required_by_frozen_uni_stark`
 --> src/uni_api_barrier.rs:3:36
  |
3 | fn required_by_frozen_uni_stark<P: p3_commit::Pcs<EF, Challenger, Domain = p3_field::coset::TwoAdicMultiplicativeCoset<F>>>() {}
  |                                    ^^^^^^^^^^^^^^^^^^^^^^^^^^^^^^^^^^^^^^^^^^^^^^^^^^^^^^^^^^^^^^^^^^^^^^^^^^^^^^^^^^^^^^^ required by this bound in `required_by_frozen_uni_stark`
  = note: the full name for the type has been written to '/Users/zodomo/code/PQTornado/research/r2/backend/target/debug/deps/uni_api_barrier-57b851fd10df73f9.long-type-5127400866902635984.txt'
  = note: consider using `--verbose` to print the full type name to the console

For more information about this error, try `rustc --explain E0277`.
error: could not compile `pqtc-r2-backend` (bin "uni-api-barrier") due to 1 previous error
