info: syncing channel updates for stable-aarch64-apple-darwin
info: latest update on 2026-09-03 for version 1.98.1 (48a229cea 2026-09-01)
info: removing previous version of component cargo
info: removing previous version of component clippy
info: removing previous version of component rust-docs
info: removing previous version of component rust-std
info: removing previous version of component rustc
info: removing previous version of component rustfmt
info: downloading 8 components
    Updating crates.io index
    Updating git repository `https://github.com/sp1-patches/bls12_381`
    Updating git repository `https://github.com/sp1-patches/elliptic-curves`
    Updating git repository `https://github.com/succinctlabs/kzg-rs`
    Updating git repository `https://github.com/sp1-patches/elliptic-curves`
    Updating git repository `https://github.com/sp1-patches/RustCrypto-hashes`
    Updating git repository `https://github.com/sp1-patches/bn`
    Updating git repository `https://github.com/sp1-patches/tiny-keccak`
    Updating git repository `https://github.com/sp1-patches/signatures`
 Downloading crates ...
  Downloaded ff_derive v0.13.1
  Downloaded addchain v0.2.1
  Downloaded crossbeam v0.8.4
  Downloaded crossbeam-queue v0.3.12
  Downloaded aho-corasick v1.1.4
  Downloaded ansi_term v0.12.1
  Downloaded either v1.15.0
  Downloaded derive-where v1.6.1
  Downloaded ff v0.13.1
  Downloaded p3-commit v0.4.3-succinct
  Downloaded bitvec v1.0.1
  Downloaded p3-maybe-rayon v0.4.3-succinct
  Downloaded autocfg v1.5.0
  Downloaded funty v2.0.0
  Downloaded memchr v2.8.0
  Downloaded futures-io v0.3.32
  Downloaded futures v0.3.32
  Downloaded crossbeam-channel v0.5.15
  Downloaded futures-core v0.3.32
  Downloaded p3-baby-bear v0.4.3-succinct
  Downloaded futures-task v0.3.32
  Downloaded log v0.4.29
  Downloaded p3-interpolation v0.4.3-succinct
  Downloaded num-integer v0.1.46
  Downloaded p3-fri v0.4.3-succinct
  Downloaded gcd v2.3.0
  Downloaded futures-macro v0.3.32
  Downloaded p3-bn254-fr v0.4.3-succinct
  Downloaded p3-field v0.4.3-succinct
  Downloaded getrandom v0.2.17
  Downloaded p3-mds v0.4.3-succinct
  Downloaded p3-challenger v0.4.3-succinct
  Downloaded num-bigint v0.4.6
  Downloaded slab v0.4.12
  Downloaded subtle v2.6.1
  Downloaded tap v1.0.1
  Downloaded futures-sink v0.3.32
  Downloaded num_cpus v1.17.0
  Downloaded rand_chacha v0.3.1
  Downloaded thiserror-impl v1.0.69
  Downloaded wyz v0.5.1
  Downloaded p3-matrix v0.4.3-succinct
  Downloaded p3-poseidon2 v0.4.3-succinct
  Downloaded p3-util v0.4.3-succinct
  Downloaded p3-symmetric v0.4.3-succinct
  Downloaded tokio-macros v2.7.0
  Downloaded futures-executor v0.3.32
  Downloaded p3-dft v0.4.3-succinct
  Downloaded strength_reduce v0.2.4
  Downloaded pin-project-internal v1.1.11
  Downloaded radium v0.7.0
  Downloaded transpose v0.2.3
  Downloaded p3-merkle-tree v0.4.3-succinct
  Downloaded rand_core v0.6.4
  Downloaded smallvec v1.15.1
  Downloaded tracing-forest v0.1.6
  Downloaded futures-channel v0.3.32
  Downloaded p3-koala-bear v0.4.3-succinct
  Downloaded thiserror v1.0.69
  Downloaded itertools v0.14.0
  Downloaded pin-project v1.1.11
  Downloaded thread_local v1.1.9
  Downloaded num-bigint v0.3.3
  Downloaded itertools v0.12.1
  Downloaded rand v0.8.6
  Downloaded futures-util v0.3.32
  Downloaded zerocopy v0.8.48
  Downloaded regex-syntax v0.8.10
  Downloaded regex-automata v0.4.14
  Downloaded tokio v1.52.1
   Compiling proc-macro2 v1.0.106
   Compiling unicode-ident v1.0.24
   Compiling quote v1.0.45
   Compiling autocfg v1.5.0
   Compiling cfg-if v1.0.4
   Compiling libc v0.2.186
   Compiling serde_core v1.0.228
   Compiling serde v1.0.228
   Compiling zerocopy v0.8.48
   Compiling pin-project-lite v0.2.17
   Compiling either v1.15.0
   Compiling once_cell v1.21.4
   Compiling p3-maybe-rayon v0.4.3-succinct
   Compiling crossbeam-utils v0.8.21
   Compiling thiserror v1.0.69
   Compiling semver v1.0.28
   Compiling gcd v2.3.0
   Compiling rayon-core v1.13.0
   Compiling lazy_static v1.5.0
   Compiling syn v1.0.109
   Compiling tracing-core v0.1.36
   Compiling itertools v0.12.1
   Compiling itertools v0.14.0
   Compiling rustc_version v0.4.1
   Compiling radium v0.7.0
   Compiling num-traits v0.2.19
   Compiling num-bigint v0.3.3
   Compiling regex-syntax v0.8.10
   Compiling tap v1.0.1
   Compiling strength_reduce v0.2.4
   Compiling futures-sink v0.3.32
   Compiling futures-core v0.3.32
   Compiling futures-channel v0.3.32
   Compiling wyz v0.5.1
   Compiling p3-baby-bear v0.4.3-succinct
   Compiling regex-automata v0.4.14
   Compiling futures-io v0.3.32
   Compiling log v0.4.29
   Compiling funty v2.0.0
   Compiling slab v0.4.12
   Compiling memchr v2.8.0
   Compiling getrandom v0.2.17
   Compiling arrayvec v0.7.6
   Compiling rand_core v0.6.4
   Compiling futures-task v0.3.32
   Compiling bitvec v1.0.1
   Compiling tracing-log v0.2.0
   Compiling p3-koala-bear v0.4.3-succinct
   Compiling sharded-slab v0.1.7
   Compiling thread_local v1.1.9
   Compiling subtle v2.6.1
   Compiling smallvec v1.15.1
   Compiling byteorder v1.5.0
   Compiling nu-ansi-term v0.50.3
   Compiling ansi_term v0.12.1
   Compiling num_cpus v1.17.0
   Compiling crossbeam-epoch v0.9.18
   Compiling crossbeam-queue v0.3.12
   Compiling matchers v0.2.0
   Compiling crossbeam-deque v0.8.6
   Compiling crossbeam-channel v0.5.15
   Compiling slop-primitives v6.6.0 (/private/tmp/pqtc-c70-work/sources/sp1-veil-6d7e/slop/crates/primitives)
   Compiling syn v2.0.117
   Compiling rayon v1.12.0
   Compiling crossbeam v0.8.4
   Compiling num-integer v0.1.46
   Compiling num-bigint v0.4.6
   Compiling transpose v0.2.3
   Compiling addchain v0.2.1
   Compiling ff_derive v0.13.1
   Compiling ppv-lite86 v0.2.21
   Compiling rand_chacha v0.3.1
   Compiling ff v0.13.1
   Compiling serde_derive v1.0.228
   Compiling tracing-attributes v0.1.31
   Compiling thiserror-impl v1.0.69
   Compiling derive-where v1.6.1
   Compiling futures-macro v0.3.32
   Compiling tokio-macros v2.7.0
   Compiling pin-project-internal v1.1.11
   Compiling rand v0.8.6
   Compiling tokio v1.52.1
   Compiling futures-util v0.3.32
   Compiling tracing v0.1.44
   Compiling pin-project v1.1.11
   Compiling tracing-subscriber v0.3.23
   Compiling p3-util v0.4.3-succinct
   Compiling bincode v1.3.3
   Compiling p3-field v0.4.3-succinct
   Compiling tracing-forest v0.1.6
   Compiling p3-matrix v0.4.3-succinct
   Compiling p3-symmetric v0.4.3-succinct
   Compiling slop-algebra v6.6.0 (/private/tmp/pqtc-c70-work/sources/sp1-veil-6d7e/slop/crates/algebra)
   Compiling slop-utils v6.6.0 (/private/tmp/pqtc-c70-work/sources/sp1-veil-6d7e/slop/crates/utils)
   Compiling p3-challenger v0.4.3-succinct
   Compiling slop-symmetric v6.6.0 (/private/tmp/pqtc-c70-work/sources/sp1-veil-6d7e/slop/crates/symmetric)
   Compiling futures-executor v0.3.32
   Compiling slop-alloc v6.6.0 (/private/tmp/pqtc-c70-work/sources/sp1-veil-6d7e/slop/crates/alloc)
   Compiling p3-dft v0.4.3-succinct
   Compiling slop-matrix v6.6.0 (/private/tmp/pqtc-c70-work/sources/sp1-veil-6d7e/slop/crates/matrix)
   Compiling p3-interpolation v0.4.3-succinct
   Compiling futures v0.3.32
   Compiling slop-futures v6.6.0 (/private/tmp/pqtc-c70-work/sources/sp1-veil-6d7e/slop/crates/futures)
   Compiling p3-mds v0.4.3-succinct
   Compiling p3-commit v0.4.3-succinct
   Compiling slop-challenger v6.6.0 (/private/tmp/pqtc-c70-work/sources/sp1-veil-6d7e/slop/crates/challenger)
   Compiling p3-poseidon2 v0.4.3-succinct
   Compiling slop-tensor v6.6.0 (/private/tmp/pqtc-c70-work/sources/sp1-veil-6d7e/slop/crates/tensor)
   Compiling slop-commit v6.6.0 (/private/tmp/pqtc-c70-work/sources/sp1-veil-6d7e/slop/crates/commit)
   Compiling p3-merkle-tree v0.4.3-succinct
   Compiling p3-fri v0.4.3-succinct
   Compiling slop-poseidon2 v6.6.0 (/private/tmp/pqtc-c70-work/sources/sp1-veil-6d7e/slop/crates/poseidon2)
   Compiling p3-bn254-fr v0.4.3-succinct
   Compiling slop-baby-bear v6.6.0 (/private/tmp/pqtc-c70-work/sources/sp1-veil-6d7e/slop/crates/baby-bear)
   Compiling slop-koala-bear v6.6.0 (/private/tmp/pqtc-c70-work/sources/sp1-veil-6d7e/slop/crates/koala-bear)
   Compiling slop-multilinear v6.6.0 (/private/tmp/pqtc-c70-work/sources/sp1-veil-6d7e/slop/crates/multilinear)
   Compiling slop-dft v6.6.0 (/private/tmp/pqtc-c70-work/sources/sp1-veil-6d7e/slop/crates/dft)
   Compiling slop-fri v6.6.0 (/private/tmp/pqtc-c70-work/sources/sp1-veil-6d7e/slop/crates/fri)
   Compiling slop-sumcheck v6.6.0 (/private/tmp/pqtc-c70-work/sources/sp1-veil-6d7e/slop/crates/sumcheck)
   Compiling slop-bn254 v6.6.0 (/private/tmp/pqtc-c70-work/sources/sp1-veil-6d7e/slop/crates/bn254)
   Compiling slop-merkle-tree v6.6.0 (/private/tmp/pqtc-c70-work/sources/sp1-veil-6d7e/slop/crates/merkle-tree)
   Compiling slop-basefold v6.6.0 (/private/tmp/pqtc-c70-work/sources/sp1-veil-6d7e/slop/crates/basefold)
   Compiling slop-basefold-prover v6.6.0 (/private/tmp/pqtc-c70-work/sources/sp1-veil-6d7e/slop/crates/basefold-prover)
   Compiling slop-stacked v6.6.0 (/private/tmp/pqtc-c70-work/sources/sp1-veil-6d7e/slop/crates/stacked)
   Compiling slop-jagged v6.6.0 (/private/tmp/pqtc-c70-work/sources/sp1-veil-6d7e/slop/crates/jagged)
   Compiling slop-veil v6.6.0 (/private/tmp/pqtc-c70-work/sources/sp1-veil-6d7e/slop/crates/veil)
    Finished `release` profile [optimized] target(s) in 23.38s
     Running `target/release/examples/root`
Public polynomial degree: 50

=== ZK BACKEND ===
Mask length: 50
Prover time: 11.924958ms
ZK backend: PASSED

=== TRANSPARENT BACKEND ===
Prover time: 5.625µs
Transparent backend: PASSED

=== ALL PASSED ===
