 Downloading crates ...
  Downloaded ryu v1.0.23
  Downloaded serde_json v1.0.145
   Compiling proc-macro2 v1.0.107
   Compiling quote v1.0.47
   Compiling unicode-ident v1.0.24
   Compiling autocfg v1.5.1
   Compiling serde_core v1.0.229
   Compiling num-traits v0.2.19
   Compiling serde v1.0.229
   Compiling syn v3.0.5
   Compiling syn v2.0.119
   Compiling paste v1.0.15
   Compiling num-integer v0.1.47
   Compiling pin-project-lite v0.2.17
   Compiling p3-maybe-rayon v0.6.0 (https://github.com/Plonky3/Plonky3.git?rev=3152b14a89067c83775a8076cc262ffc48a1fd7c#3152b14a)
   Compiling either v1.18.0
   Compiling rand_core v0.10.1
   Compiling tracing-core v0.1.36
   Compiling itertools v0.15.0
   Compiling serde_derive v1.0.229
   Compiling rand v0.10.2
   Compiling num-bigint v0.5.1
   Compiling scopeguard v1.2.0
   Compiling lock_api v0.4.14
   Compiling libm v0.2.16
   Compiling tracing-attributes v0.1.31
   Compiling spin v0.12.3
   Compiling thiserror v2.0.20
   Compiling tracing v0.1.44
   Compiling p3-util v0.6.0 (https://github.com/Plonky3/Plonky3.git?rev=3152b14a89067c83775a8076cc262ffc48a1fd7c#3152b14a)
   Compiling thiserror-impl v2.0.20
   Compiling p3-field v0.6.0 (https://github.com/Plonky3/Plonky3.git?rev=3152b14a89067c83775a8076cc262ffc48a1fd7c#3152b14a)
   Compiling serde_json v1.0.145
   Compiling memchr v2.8.3
   Compiling itoa v1.0.18
   Compiling ryu v1.0.23
   Compiling p3-matrix v0.6.0 (https://github.com/Plonky3/Plonky3.git?rev=3152b14a89067c83775a8076cc262ffc48a1fd7c#3152b14a)
   Compiling p3-symmetric v0.6.0 (https://github.com/Plonky3/Plonky3.git?rev=3152b14a89067c83775a8076cc262ffc48a1fd7c#3152b14a)
   Compiling p3-challenger v0.6.0 (https://github.com/Plonky3/Plonky3.git?rev=3152b14a89067c83775a8076cc262ffc48a1fd7c#3152b14a)
   Compiling p3-multilinear-util v0.6.0 (https://github.com/Plonky3/Plonky3.git?rev=3152b14a89067c83775a8076cc262ffc48a1fd7c#3152b14a)
   Compiling p3-dft v0.6.0 (https://github.com/Plonky3/Plonky3.git?rev=3152b14a89067c83775a8076cc262ffc48a1fd7c#3152b14a)
   Compiling p3-air v0.6.0 (https://github.com/Plonky3/Plonky3.git?rev=3152b14a89067c83775a8076cc262ffc48a1fd7c#3152b14a)
   Compiling p3-commit v0.6.0 (https://github.com/Plonky3/Plonky3.git?rev=3152b14a89067c83775a8076cc262ffc48a1fd7c#3152b14a)
   Compiling p3-security v0.6.0 (https://github.com/Plonky3/Plonky3.git?rev=3152b14a89067c83775a8076cc262ffc48a1fd7c#3152b14a)
   Compiling p3-uni-stark v0.6.0 (https://github.com/Plonky3/Plonky3.git?rev=3152b14a89067c83775a8076cc262ffc48a1fd7c#3152b14a)
   Compiling pqtc-r2-security-pinned v0.1.0 (/Users/zodomo/code/PQTornado/research/r2/security/rust)
    Finished `release` profile [optimized] target(s) in 5.48s
        5.51 real        16.46 user         1.89 sys
           345669632  maximum resident set size
                   0  average shared memory size
                   0  average unshared data size
                   0  average unshared stack size
              763346  page reclaims
                1476  page faults
                   0  swaps
                   0  block input operations
                   0  block output operations
                  15  messages sent
                 180  messages received
                  90  signals received
                 388  voluntary context switches
               21020  involuntary context switches
          1438337480  instructions retired
           725701738  cycles elapsed
            23790408  peak memory footprint
