Compiling 72 files with Solc 0.8.28
Solc 0.8.28 finished in 34.30s
Compiler run successful with warnings:
Warning (2018): Function state mutability can be restricted to pure
  --> src/whir/k22_jb100_lir6_ff4_rsv1_precompile_phase1/WhirVerifierCore8PrecompilePhase1.sol:66:5:
   |
66 |     function _powBatch10(
   |     ^ (Relevant source part starts here and spans across multiple lines).

Warning (2018): Function state mutability can be restricted to pure
   --> src/whir/k22_jb100_lir6_ff4_rsv1_precompile_phase1/WhirVerifierCore8PrecompilePhase1.sol:136:5:
    |
136 |     function _computeBaseRootAndEvalsBlob16(
    |     ^ (Relevant source part starts here and spans across multiple lines).

Warning (2018): Function state mutability can be restricted to pure
   --> src/whir/k22_jb100_lir6_ff4_rsv1_precompile_phase1/WhirVerifierCore8PrecompilePhase1.sol:330:5:
    |
330 |     function _computeBaseRootAndEvals16(
    |     ^ (Relevant source part starts here and spans across multiple lines).

Warning (2018): Function state mutability can be restricted to pure
   --> src/whir/k22_jb100_lir6_ff4_rsv1_precompile_phase1/WhirVerifierCore8PrecompilePhase1.sol:379:5:
    |
379 |     function _computeExtension8RootAndEvals16(
    |     ^ (Relevant source part starts here and spans across multiple lines).

Warning (2018): Function state mutability can be restricted to pure
   --> src/whir/k22_jb100_lir6_ff4_rsv1_precompile_phase1/WhirVerifierCore8PrecompilePhase1.sol:927:5:
    |
927 |     function _statementFromCalldata(
    |     ^ (Relevant source part starts here and spans across multiple lines).

Warning (2018): Function state mutability can be restricted to pure
   --> src/whir/k22_jb100_lir6_ff4_rsv1_precompile_phase1/WhirVerifierCore8PrecompilePhase1.sol:958:5:
    |
958 |     function _concatenateEq(EqStatement memory lhs, EqStatement memory rhs)
    |     ^ (Relevant source part starts here and spans across multiple lines).

Warning (2018): Function state mutability can be restricted to pure
   --> src/whir/k22_jb100_lir6_ff4_rsv1_precompile_phase1/WhirVerifierCore8PrecompilePhase1.sol:991:5:
    |
991 |     function _emptySelect(uint256 numVariables) internal view returns (SelectStatement memory sel) {
    |     ^ (Relevant source part starts here and spans across multiple lines).

Warning (2018): Function state mutability can be restricted to pure
   --> src/whir/k22_jb100_lir6_ff4_rsv1_precompile_phase1/WhirVerifierCore8PrecompilePhase1.sol:996:5:
    |
996 |     function _parseCommitment(
    |     ^ (Relevant source part starts here and spans across multiple lines).

Warning (2018): Function state mutability can be restricted to pure
    --> src/whir/k22_jb100_lir6_ff4_rsv1_precompile_phase1/WhirVerifierCore8PrecompilePhase1.sol:1028:5:
     |
1028 |     function _parseFixedCommitment1Blob(
     |     ^ (Relevant source part starts here and spans across multiple lines).

Warning (2018): Function state mutability can be restricted to pure
    --> src/whir/k22_jb100_lir6_ff4_rsv1_precompile_phase1/WhirVerifierCore8PrecompilePhase1.sol:1092:5:
     |
1092 |     function _parseFixedCommitmentPointBlob(
     |     ^ (Relevant source part starts here and spans across multiple lines).

Warning (2018): Function state mutability can be restricted to pure
    --> src/whir/k22_jb100_lir6_ff4_rsv1_precompile_phase1/WhirVerifierCore8PrecompilePhase1.sol:1108:5:
     |
1108 |     function _checkWitnessBaseLeBlob(
     |     ^ (Relevant source part starts here and spans across multiple lines).

Warning (2018): Function state mutability can be restricted to pure
    --> src/whir/k22_jb100_lir6_ff4_rsv1_precompile_phase1/WhirVerifierCore8PrecompilePhase1.sol:1124:5:
     |
1124 |     function _verifySumcheck(
     |     ^ (Relevant source part starts here and spans across multiple lines).

Warning (2018): Function state mutability can be restricted to pure
    --> src/whir/k22_jb100_lir6_ff4_rsv1_precompile_phase1/WhirVerifierCore8PrecompilePhase1.sol:1224:5:
     |
1224 |     function _verifySumcheckBlob4NoPow(
     |     ^ (Relevant source part starts here and spans across multiple lines).

Warning (2018): Function state mutability can be restricted to pure
    --> src/whir/k22_jb100_lir6_ff4_rsv1_precompile_phase1/WhirVerifierCore8PrecompilePhase1.sol:1273:5:
     |
1273 |     function _verifySumcheckBlob6NoPow(
     |     ^ (Relevant source part starts here and spans across multiple lines).

Warning (2018): Function state mutability can be restricted to pure
    --> src/whir/k22_jb100_lir6_ff4_rsv1_precompile_phase1/WhirVerifierCore8PrecompilePhase1.sol:2595:5:
     |
2595 |     function _evaluateFinalValue(
     |     ^ (Relevant source part starts here and spans across multiple lines).

Warning (2018): Function state mutability can be restricted to pure
    --> src/whir/k22_jb100_lir6_ff4_rsv1_precompile_phase1/WhirVerifierCore8PrecompilePhase1.sol:2771:5:
     |
2771 |     function _hornerStepWithChallengeCoeffs(
     |     ^ (Relevant source part starts here and spans across multiple lines).

Script ran successfully.

== Return ==
nativeVerifierAddress: address 0x70e0bA845a1A0F2DA3359C97E0285013525FFC49

== Logs ==
  native blob verify calldata bytes 54436
  native blob verify calldata zero bytes 1220
  native blob verify calldata non-zero bytes 53216
  native blob verify calldata intrinsic gas 21000
  native blob verify calldata gas 856336
  nativeBlobVerifier 0x70e0bA845a1A0F2DA3359C97E0285013525FFC49
