   Compiling proc-macro2 v1.0.107
   Compiling unicode-ident v1.0.24
   Compiling quote v1.0.47
   Compiling libc v0.2.189
   Compiling serde_core v1.0.229
   Compiling serde v1.0.229
   Compiling syn v3.0.5
   Compiling autocfg v1.5.1
   Compiling rand_core v0.10.1
   Compiling cfg-if v1.0.4
   Compiling getrandom v0.4.3
   Compiling num-traits v0.2.19
   Compiling chacha20 v0.10.2
   Compiling syn v2.0.119
   Compiling paste v1.0.15
   Compiling num-integer v0.1.47
   Compiling rand v0.10.2
   Compiling either v1.18.0
   Compiling pin-project-lite v0.2.17
   Compiling tracing-core v0.1.36
   Compiling p3-maybe-rayon v0.6.0 (https://github.com/Plonky3/Plonky3.git?rev=3152b14a89067c83775a8076cc262ffc48a1fd7c#3152b14a)
   Compiling itertools v0.15.0
   Compiling num-bigint v0.5.1
   Compiling serde_derive v1.0.229
   Compiling scopeguard v1.2.0
   Compiling lock_api v0.4.14
   Compiling spin v0.12.3
   Compiling thiserror v2.0.20
   Compiling tracing-attributes v0.1.31
   Compiling thiserror-impl v2.0.20
   Compiling version_check v0.9.5
   Compiling generic-array v0.14.7
   Compiling typenum v1.20.1
   Compiling tracing v0.1.44
   Compiling p3-util v0.6.0 (https://github.com/Plonky3/Plonky3.git?rev=3152b14a89067c83775a8076cc262ffc48a1fd7c#3152b14a)
   Compiling p3-field v0.6.0 (https://github.com/Plonky3/Plonky3.git?rev=3152b14a89067c83775a8076cc262ffc48a1fd7c#3152b14a)
   Compiling libm v0.2.16
   Compiling cpufeatures v0.2.17
   Compiling keccak v0.1.6
   Compiling semver v1.0.28
   Compiling block-buffer v0.10.4
   Compiling crypto-common v0.1.7
   Compiling digest v0.10.7
   Compiling hex v0.4.3
   Compiling crunchy v0.2.4
   Compiling pqtc-spec v0.3.0 (/Users/zodomo/code/PQTornado/crates/pqtc-spec)
   Compiling sha3 v0.10.9
   Compiling rustc_version v0.4.1
   Compiling p3-matrix v0.6.0 (https://github.com/Plonky3/Plonky3.git?rev=3152b14a89067c83775a8076cc262ffc48a1fd7c#3152b14a)
   Compiling p3-symmetric v0.6.0 (https://github.com/Plonky3/Plonky3.git?rev=3152b14a89067c83775a8076cc262ffc48a1fd7c#3152b14a)
   Compiling tiny-keccak v2.0.2
   Compiling base64 v0.22.1
   Compiling p3-challenger v0.6.0 (https://github.com/Plonky3/Plonky3.git?rev=3152b14a89067c83775a8076cc262ffc48a1fd7c#3152b14a)
   Compiling zmij v1.0.23
   Compiling utf8parse v0.2.2
   Compiling p3-dft v0.6.0 (https://github.com/Plonky3/Plonky3.git?rev=3152b14a89067c83775a8076cc262ffc48a1fd7c#3152b14a)
   Compiling p3-air v0.6.0 (https://github.com/Plonky3/Plonky3.git?rev=3152b14a89067c83775a8076cc262ffc48a1fd7c#3152b14a)
   Compiling p3-multilinear-util v0.6.0 (https://github.com/Plonky3/Plonky3.git?rev=3152b14a89067c83775a8076cc262ffc48a1fd7c#3152b14a)
   Compiling anstyle-parse v1.0.0
   Compiling p3-mds v0.6.0 (https://github.com/Plonky3/Plonky3.git?rev=3152b14a89067c83775a8076cc262ffc48a1fd7c#3152b14a)
   Compiling p3-commit v0.6.0 (https://github.com/Plonky3/Plonky3.git?rev=3152b14a89067c83775a8076cc262ffc48a1fd7c#3152b14a)
   Compiling heapless v0.7.17
   Compiling p3-poseidon2 v0.6.0 (https://github.com/Plonky3/Plonky3.git?rev=3152b14a89067c83775a8076cc262ffc48a1fd7c#3152b14a)
   Compiling p3-poseidon1 v0.6.0 (https://github.com/Plonky3/Plonky3.git?rev=3152b14a89067c83775a8076cc262ffc48a1fd7c#3152b14a)
   Compiling p3-security v0.6.0 (https://github.com/Plonky3/Plonky3.git?rev=3152b14a89067c83775a8076cc262ffc48a1fd7c#3152b14a)
   Compiling is_terminal_polyfill v1.70.2
   Compiling anstyle v1.0.14
   Compiling colorchoice v1.0.5
   Compiling p3-monty-31 v0.6.0 (https://github.com/Plonky3/Plonky3.git?rev=3152b14a89067c83775a8076cc262ffc48a1fd7c#3152b14a)
   Compiling serde_json v1.0.151
   Compiling byteorder v1.5.0
   Compiling anstyle-query v1.1.5
   Compiling anstream v1.0.0
   Compiling hash32 v0.2.1
   Compiling p3-uni-stark v0.6.0 (https://github.com/Plonky3/Plonky3.git?rev=3152b14a89067c83775a8076cc262ffc48a1fd7c#3152b14a)
   Compiling p3-baby-bear v0.6.0 (https://github.com/Plonky3/Plonky3.git?rev=3152b14a89067c83775a8076cc262ffc48a1fd7c#3152b14a)
   Compiling p3-poseidon2-air v0.6.0 (https://github.com/Plonky3/Plonky3.git?rev=3152b14a89067c83775a8076cc262ffc48a1fd7c#3152b14a)
   Compiling pqtc-hash v0.3.0 (/Users/zodomo/code/PQTornado/crates/pqtc-hash)
   Compiling clap_lex v1.1.0
   Compiling heck v0.5.0
   Compiling stable_deref_trait v1.2.1
   Compiling memchr v2.8.3
   Compiling itoa v1.0.18
   Compiling strsim v0.11.1
   Compiling anyhow v1.0.104
   Compiling clap_builder v4.6.6
   Compiling clap_derive v4.6.4
   Compiling pqtc-poseidon-air v0.3.0 (/Users/zodomo/code/PQTornado/crates/pqtc-poseidon-air)
   Compiling p3-keccak v0.6.0 (https://github.com/Plonky3/Plonky3.git?rev=3152b14a89067c83775a8076cc262ffc48a1fd7c#3152b14a)
   Compiling p3-fri v0.6.0 (https://github.com/Plonky3/Plonky3.git?rev=3152b14a89067c83775a8076cc262ffc48a1fd7c#3152b14a)
   Compiling p3-merkle-tree v0.6.0 (https://github.com/Plonky3/Plonky3.git?rev=3152b14a89067c83775a8076cc262ffc48a1fd7c#3152b14a)
   Compiling cobs v0.3.0
   Compiling postcard v1.1.3
   Compiling pqtc-stark v0.3.0 (/Users/zodomo/code/PQTornado/crates/pqtc-stark)
   Compiling clap v4.6.6
   Compiling pqtc-r2-hash v0.1.0 (/Users/zodomo/code/PQTornado/research/r2/hash/rust)
   Compiling pqtc-r2-air v0.1.0 (/Users/zodomo/code/PQTornado/research/r2/air/rust)
warning: unused import: `PrimeField32`
 --> src/lib.rs:5:41
  |
5 | use p3_field::{PrimeCharacteristicRing, PrimeField32};
  |                                         ^^^^^^^^^^^^
  |
  = note: `#[warn(unused_imports)]` (part of `#[warn(unused)]`) on by default

warning: `pqtc-r2-air` (lib) generated 1 warning (run `cargo fix --lib -p pqtc-r2-air` to apply 1 suggestion)
    Finished `release` profile [optimized] target(s) in 27.13s
       27.17 real        58.37 user         3.71 sys
           549224448  maximum resident set size
                   0  average shared memory size
                   0  average unshared data size
                   0  average unshared stack size
             1477905  page reclaims
               14793  page faults
                   0  swaps
                   0  block input operations
                   0  block output operations
                   0  messages sent
                   0  messages received
                 119  signals received
                2328  voluntary context switches
               48011  involuntary context switches
          2181823907  instructions retired
          1001533208  cycles elapsed
            33604328  peak memory footprint
